2026-07-08 21:50:38 | DRAM caida | CUSUM: cayendo fuerte -2.08% px 60.41
2026-07-08 21:50:38 | DRAM caida | CUSUM: cayendo fuerte -2.03% px 60.00
2026-07-08 21:50:38 | DRAM tendencia | Supertrend: tendencia BAJISTA px 59.80
2026-07-08 21:50:38 | DRAM caida | CUSUM: cayendo fuerte -2.82% px 59.12
2026-07-08 21:50:38 | DRAM breakdown | Donchian: rompe minimo del dia px 58.62
2026-07-08 21:50:38 | DRAM alza | CUSUM: subiendo fuerte +2.12% px 59.52
2026-07-08 21:50:38 | DRAM tendencia | Supertrend: tendencia ALCISTA px 60.43
2026-07-08 21:50:38 | DRAM alza | CUSUM: subiendo fuerte +2.15% px 60.69
2026-07-08 21:50:39 | DRAM caida | CUSUM: cayendo fuerte -2.05% px 59.99
2026-07-08 21:50:39 | DRAM tendencia | Supertrend: tendencia BAJISTA px 59.83
2026-07-08 21:50:39 | DRAM alza | CUSUM: subiendo fuerte +2.02% px 60.60
2026-07-08 21:50:39 | DRAM tendencia | Supertrend: tendencia ALCISTA px 60.88
2026-07-08 21:50:39 | DRAM tendencia | Supertrend: tendencia BAJISTA px 60.11
2026-07-08 21:50:39 | DRAM caida | CUSUM: cayendo fuerte -2.10% px 59.75
2026-07-08 21:50:39 | DRAM breakdown | Donchian: rompe minimo del dia px 59.30
2026-07-08 21:50:39 | DRAM breakdown | Donchian: rompe minimo del dia px 58.94
2026-07-08 21:50:39 | DRAM caida | CUSUM: cayendo fuerte -2.05% px 58.54
2026-07-08 21:50:39 | DRAM caida | CUSUM: cayendo fuerte -3.91% px 56.75
2026-07-08 21:50:39 | DRAM breakdown | Donchian: rompe minimo del dia px 56.55
2026-07-08 21:50:39 | DRAM alza | CUSUM: subiendo fuerte +2.01% px 57.27
2026-07-08 21:50:39 | DRAM alza | CUSUM: subiendo fuerte +2.05% px 58.24
2026-07-08 21:50:39 | DRAM tendencia | Supertrend: tendencia ALCISTA px 58.37
2026-07-08 21:50:39 | DRAM alza | CUSUM: subiendo fuerte +2.25% px 59.28
2026-07-08 21:50:40 | DRAM alza | CUSUM: subiendo fuerte +2.28% px 60.65
2026-07-08 21:50:40 | DRAM caida | CUSUM: cayendo fuerte -2.34% px 59.25
2026-07-08 21:50:40 | DRAM alza | CUSUM: subiendo fuerte +2.33% px 60.38
2026-07-08 21:50:40 | DRAM breakout | Donchian: rompe maximo del dia px 61.10
2026-07-08 21:50:40 | DRAM breakout | Donchian: rompe maximo del dia px 61.23
2026-07-08 21:50:40 | DRAM alza | CUSUM: subiendo fuerte +2.00% px 61.57
2026-07-08 21:50:40 | DRAM breakout | Donchian: rompe maximo del dia px 62.09
2026-07-08 21:50:40 | DRAM breakout | Donchian: rompe maximo del dia px 62.33
2026-07-08 21:50:40 | DRAM tendencia | Supertrend: tendencia BAJISTA px 61.60
2026-07-08 21:50:40 | DRAM alza | CUSUM: subiendo fuerte +2.14% px 62.47
2026-07-08 21:50:40 | SYSTEM | bot reiniciado con notificaciones Mac+ntfy+log, C++23 -O3 -march=native -flto
