DRAM signal bot vivo | poll 30s | buy=sounds/dram_buy.wav sell=sounds/dram_sell.wav
2026-07-08 15:55:00 | INFO    | [2026-07-07 09:41:00-04:00] BUY 16 @ 60.44 (GTC sell-limit 61.04)
[2026-07-07 09:41:00-04:00] *** DRAM: COMPRAR *** @ ~60.44 (capitulacion confirmada)
2026-07-08 15:55:00 | INFO    | [2026-07-08 04:00:00-04:00] SELL (limit) 16 @ 61.04 (net +7.67)
[2026-07-08 04:00:00-04:00] *** DRAM: VENDER *** @ ~58.94 (exit adaptativo: target/trail/EOD)
dram_signal_bot (C++): bridge DRAM 1m real iniciado
[09:41] *** DRAM: COMPRAR *** ~60.44 (capitulacion confirmada; target 62.86, floor 61.04)
[15:45] *** DRAM: VENDER *** ~61.65 (EOD flatten 15:45, entrada 60.44)
Wed Jul  8 15:59:34 EDT 2026 dram_signal_bot salio; relanzando en 30s
dram_signal_bot (C++): bridge DRAM 1m real iniciado
[09:41] *** DRAM: COMPRAR *** ~60.44 (capitulacion confirmada; target 62.86, floor 61.04)
[15:45] *** DRAM: VENDER *** ~61.65 (EOD flatten 15:45, entrada 60.44)
Wed Jul  8 16:01:06 EDT 2026 dram_signal_bot salio; relanzando en 30s
dram_signal_bot (C++): bridge DRAM 1m real iniciado
dram_signal_bot (C++): bridge DRAM 1m real iniciado
[09:41] *** DRAM: COMPRAR *** ~60.44 (capitulacion confirmada; target 62.86, floor 61.04)
[15:45] *** DRAM: VENDER *** ~61.65 (EOD flatten 15:45, entrada 60.44)
Wed Jul  8 16:09:05 EDT 2026 dram_signal_bot salio; relanzando en 30s
dram_signal_bot (C++): bridge DRAM 1m real iniciado
[05:47] CUSUM: DRAM CAYENDO fuerte (-2.04% acumulado) px 60.24
[09:33] CUSUM: DRAM CAYENDO fuerte (-2.40% acumulado) px 59.76
[09:34] SUPERTREND: tendencia DRAM cambio a BAJISTA px 59.80
[09:41] *** DRAM: COMPRAR *** ~60.44 (capitulacion confirmada; target 62.86, floor 61.04)
[10:34] CUSUM: DRAM CAYENDO fuerte (-3.15% acumulado) px 58.92
[11:45] CUSUM: DRAM SUBIENDO fuerte (+2.13% acumulado) px 59.52
[12:24] SUPERTREND: tendencia DRAM cambio a ALCISTA px 60.43
[13:07] CUSUM: DRAM SUBIENDO fuerte (+2.14% acumulado) px 60.69
[13:42] DONCHIAN: DRAM rompe maximo del dia px 61.23 > 61.23
[14:53] CUSUM: DRAM CAYENDO fuerte (-2.00% acumulado) px 60.02
[14:59] SUPERTREND: tendencia DRAM cambio a BAJISTA px 59.83
[15:59] CUSUM: DRAM SUBIENDO fuerte (+2.02% acumulado) px 60.60
[16:04] SUPERTREND: tendencia DRAM cambio a ALCISTA px 60.88
[19:03] CUSUM: DRAM CAYENDO fuerte (-2.27% acumulado) px 59.65
[19:04] SUPERTREND: tendencia DRAM cambio a BAJISTA px 59.56
[04:17] DONCHIAN: DRAM rompe minimo del dia px 58.40 < 58.45
[04:22] CUSUM: DRAM CAYENDO fuerte (-3.86% acumulado) px 57.94
[05:25] CUSUM: DRAM CAYENDO fuerte (-2.61% acumulado) px 56.45
[06:28] CUSUM: DRAM SUBIENDO fuerte (+2.09% acumulado) px 57.60
[08:05] CUSUM: DRAM SUBIENDO fuerte (+2.06% acumulado) px 58.24
[08:09] SUPERTREND: tendencia DRAM cambio a ALCISTA px 58.37
[09:30] CUSUM: DRAM SUBIENDO fuerte (+2.23% acumulado) px 59.28
[10:34] CUSUM: DRAM SUBIENDO fuerte (+2.29% acumulado) px 60.65
[11:35] CUSUM: DRAM CAYENDO fuerte (-2.34% acumulado) px 59.25
[12:40] CUSUM: DRAM SUBIENDO fuerte (+2.33% acumulado) px 60.38
[13:25] DONCHIAN: DRAM rompe maximo del dia px 61.05 > 61.05
[15:08] DONCHIAN: DRAM rompe maximo del dia px 61.23 > 61.21
[15:36] CUSUM: DRAM SUBIENDO fuerte (+2.01% acumulado) px 61.57
[15:45] *** DRAM: VENDER *** ~61.65 (EOD flatten 15:45, entrada 60.44)
Wed Jul  8 16:15:36 EDT 2026 dram_signal_bot salio; relanzando en 30s
dram_signal_bot (C++): bridge DRAM 1m real iniciado
[05:36] CUSUM: DRAM CAYENDO fuerte (-2.08% acumulado) px 60.41
[09:32] CUSUM: DRAM CAYENDO fuerte (-2.03% acumulado) px 60.00
[09:34] SUPERTREND: tendencia DRAM cambio a BAJISTA px 59.80
[10:33] CUSUM: DRAM CAYENDO fuerte (-2.82% acumulado) px 59.12
[10:35] DONCHIAN: DRAM rompe minimo del dia px 58.62 < 58.68
[11:45] CUSUM: DRAM SUBIENDO fuerte (+2.12% acumulado) px 59.52
[12:24] SUPERTREND: tendencia DRAM cambio a ALCISTA px 60.43
[13:07] CUSUM: DRAM SUBIENDO fuerte (+2.15% acumulado) px 60.69
[14:54] CUSUM: DRAM CAYENDO fuerte (-2.05% acumulado) px 59.99
[14:59] SUPERTREND: tendencia DRAM cambio a BAJISTA px 59.83
[15:59] CUSUM: DRAM SUBIENDO fuerte (+2.02% acumulado) px 60.60
[16:04] SUPERTREND: tendencia DRAM cambio a ALCISTA px 60.88
[17:24] SUPERTREND: tendencia DRAM cambio a BAJISTA px 60.11
[19:03] CUSUM: DRAM CAYENDO fuerte (-2.10% acumulado) px 59.75
[19:09] DONCHIAN: DRAM rompe minimo del dia px 59.30 < 59.34
[04:00] DONCHIAN: DRAM rompe minimo del dia px 58.94 < 59.00
[04:04] CUSUM: DRAM CAYENDO fuerte (-2.05% acumulado) px 58.54
[05:05] CUSUM: DRAM CAYENDO fuerte (-3.91% acumulado) px 56.75
[05:08] DONCHIAN: DRAM rompe minimo del dia px 56.55 < 56.56
[06:19] CUSUM: DRAM SUBIENDO fuerte (+2.01% acumulado) px 57.27
[08:05] CUSUM: DRAM SUBIENDO fuerte (+2.05% acumulado) px 58.24
[08:09] SUPERTREND: tendencia DRAM cambio a ALCISTA px 58.37
[09:30] CUSUM: DRAM SUBIENDO fuerte (+2.25% acumulado) px 59.28
[10:34] CUSUM: DRAM SUBIENDO fuerte (+2.28% acumulado) px 60.65
[11:35] CUSUM: DRAM CAYENDO fuerte (-2.34% acumulado) px 59.25
[12:40] CUSUM: DRAM SUBIENDO fuerte (+2.33% acumulado) px 60.38
[13:28] DONCHIAN: DRAM rompe maximo del dia px 61.10 > 61.08
[15:08] DONCHIAN: DRAM rompe maximo del dia px 61.23 > 61.21
[15:36] CUSUM: DRAM SUBIENDO fuerte (+2.00% acumulado) px 61.57
[17:44] DONCHIAN: DRAM rompe maximo del dia px 62.09 > 62.05
[18:59] DONCHIAN: DRAM rompe maximo del dia px 62.33 > 62.30
[19:19] SUPERTREND: tendencia DRAM cambio a BAJISTA px 61.60
[19:48] CUSUM: DRAM SUBIENDO fuerte (+2.14% acumulado) px 62.47
Wed Jul  8 21:50:05 EDT 2026 dram_signal_bot salio; relanzando en 30s
dram_signal_bot (C++): bridge DRAM 1m real iniciado
[05:36] CUSUM: DRAM CAYENDO fuerte (-2.08% acumulado) px 60.41
[09:32] CUSUM: DRAM CAYENDO fuerte (-2.03% acumulado) px 60.00
[09:34] SUPERTREND: tendencia DRAM cambio a BAJISTA px 59.80
[10:33] CUSUM: DRAM CAYENDO fuerte (-2.82% acumulado) px 59.12
[10:35] DONCHIAN: DRAM rompe minimo del dia px 58.62 < 58.68
[11:45] CUSUM: DRAM SUBIENDO fuerte (+2.12% acumulado) px 59.52
[12:24] SUPERTREND: tendencia DRAM cambio a ALCISTA px 60.43
[13:07] CUSUM: DRAM SUBIENDO fuerte (+2.15% acumulado) px 60.69
[14:54] CUSUM: DRAM CAYENDO fuerte (-2.05% acumulado) px 59.99
[14:59] SUPERTREND: tendencia DRAM cambio a BAJISTA px 59.83
[15:59] CUSUM: DRAM SUBIENDO fuerte (+2.02% acumulado) px 60.60
[16:04] SUPERTREND: tendencia DRAM cambio a ALCISTA px 60.88
[17:24] SUPERTREND: tendencia DRAM cambio a BAJISTA px 60.11
[19:03] CUSUM: DRAM CAYENDO fuerte (-2.10% acumulado) px 59.75
[19:09] DONCHIAN: DRAM rompe minimo del dia px 59.30 < 59.34
[04:00] DONCHIAN: DRAM rompe minimo del dia px 58.94 < 59.00
[04:04] CUSUM: DRAM CAYENDO fuerte (-2.05% acumulado) px 58.54
[05:05] CUSUM: DRAM CAYENDO fuerte (-3.91% acumulado) px 56.75
[05:08] DONCHIAN: DRAM rompe minimo del dia px 56.55 < 56.56
[06:19] CUSUM: DRAM SUBIENDO fuerte (+2.01% acumulado) px 57.27
[08:05] CUSUM: DRAM SUBIENDO fuerte (+2.05% acumulado) px 58.24
[08:09] SUPERTREND: tendencia DRAM cambio a ALCISTA px 58.37
[09:30] CUSUM: DRAM SUBIENDO fuerte (+2.25% acumulado) px 59.28
[10:34] CUSUM: DRAM SUBIENDO fuerte (+2.28% acumulado) px 60.65
[11:35] CUSUM: DRAM CAYENDO fuerte (-2.34% acumulado) px 59.25
[12:40] CUSUM: DRAM SUBIENDO fuerte (+2.33% acumulado) px 60.38
[13:28] DONCHIAN: DRAM rompe maximo del dia px 61.10 > 61.08
[15:08] DONCHIAN: DRAM rompe maximo del dia px 61.23 > 61.21
[15:36] CUSUM: DRAM SUBIENDO fuerte (+2.00% acumulado) px 61.57
[17:44] DONCHIAN: DRAM rompe maximo del dia px 62.09 > 62.05
[18:59] DONCHIAN: DRAM rompe maximo del dia px 62.33 > 62.30
[19:19] SUPERTREND: tendencia DRAM cambio a BAJISTA px 61.60
[19:48] CUSUM: DRAM SUBIENDO fuerte (+2.14% acumulado) px 62.47
