2026-07-08 22:36:59 | NOK alza | CUSUM: subiendo fuerte +4.80% px 14.71
2026-07-08 22:36:59 | NOK alza | CUSUM: subiendo fuerte +2.09% px 14.91
2026-07-08 22:36:59 | NOK caida | CUSUM: cayendo fuerte -2.94% px 14.57
2026-07-08 22:36:59 | NOK tendencia | Supertrend: tendencia BAJISTA px 14.51
2026-07-08 22:36:59 | NOK: BUY NOW | COMPRAR NOK @ 14.91 | target 15.51 (+4%) | floor 15.06 | capitulacion confirmada
2026-07-08 22:36:59 | NOK alza | CUSUM: subiendo fuerte +2.76% px 14.88
2026-07-08 22:36:59 | NOK tendencia | Supertrend: tendencia ALCISTA px 15.02
2026-07-08 22:36:59 | NOK breakout | Donchian: rompe maximo del dia px 15.05
2026-07-08 22:36:59 | NOK caida | CUSUM: cayendo fuerte -2.12% px 14.73
2026-07-08 22:36:59 | NOK tendencia | Supertrend: tendencia BAJISTA px 14.60
2026-07-08 22:36:59 | NOK caida | CUSUM: cayendo fuerte -2.01% px 14.53
2026-07-08 22:36:59 | NOK alza | CUSUM: subiendo fuerte +2.69% px 14.88
2026-07-08 22:36:59 | NOK alza | CUSUM: subiendo fuerte +2.04% px 14.89
2026-07-08 22:36:59 | NOK caida | CUSUM: cayendo fuerte -2.24% px 14.56
2026-07-08 22:36:59 | NOK tendencia | Supertrend: tendencia BAJISTA px 14.56
2026-07-08 22:36:59 | NOK breakdown | Donchian: rompe minimo del dia px 14.36
2026-07-08 22:37:00 | NOK caida | CUSUM: cayendo fuerte -3.19% px 14.21
2026-07-08 22:37:00 | NOK breakdown | Donchian: rompe minimo del dia px 13.97
2026-07-08 22:37:00 | NOK caida | CUSUM: cayendo fuerte -2.31% px 13.89
2026-07-08 22:37:00 | NOK breakdown | Donchian: rompe minimo del dia px 13.66
2026-07-08 22:37:00 | NOK caida | CUSUM: cayendo fuerte -4.47% px 13.31
2026-07-08 22:37:00 | NOK alza | CUSUM: subiendo fuerte +3.71% px 13.71
2026-07-08 22:37:00 | NOK tendencia | Supertrend: tendencia ALCISTA px 13.77
2026-07-08 22:37:00 | NOK alza | CUSUM: subiendo fuerte +2.08% px 13.87
2026-07-08 22:37:00 | NOK caida | CUSUM: cayendo fuerte -2.99% px 13.53
2026-07-08 22:37:00 | NOK breakdown | Donchian: rompe minimo del dia px 13.53
2026-07-08 22:37:00 | NOK tendencia | Supertrend: tendencia BAJISTA px 13.54
2026-07-08 22:37:00 | NOK breakdown | Donchian: rompe minimo del dia px 13.33
2026-07-08 22:37:00 | NOK alza | CUSUM: subiendo fuerte +2.15% px 13.62
2026-07-08 22:37:00 | NOK alza | CUSUM: subiendo fuerte +2.00% px 13.74
2026-07-08 22:37:00 | NOK tendencia | Supertrend: tendencia ALCISTA px 13.66
2026-07-08 22:37:00 | NOK alza | CUSUM: subiendo fuerte +2.08% px 13.85
2026-07-08 22:37:00 | NOK breakout | Donchian: rompe maximo del dia px 13.88
2026-07-08 22:37:00 | NOK caida | CUSUM: cayendo fuerte -2.24% px 13.71
2026-07-08 22:37:00 | NOK caida | CUSUM: cayendo fuerte -2.06% px 13.47
2026-07-08 22:37:00 | NOK tendencia | Supertrend: tendencia BAJISTA px 13.38
2026-07-08 22:37:00 | NOK caida | CUSUM: cayendo fuerte -2.00% px 13.37
2026-07-08 22:37:00 | NOK breakdown | Donchian: rompe minimo del dia px 13.37
2026-07-08 22:37:01 | NOK caida | CUSUM: cayendo fuerte -2.24% px 13.25
2026-07-08 22:37:01 | NOK breakdown | Donchian: rompe minimo del dia px 13.25
2026-07-08 22:37:01 | NOK breakdown | Donchian: rompe minimo del dia px 13.14
2026-07-08 22:37:01 | NOK caida | CUSUM: cayendo fuerte -2.23% px 12.99
2026-07-08 22:37:01 | NOK breakdown | Donchian: rompe minimo del dia px 12.94
2026-07-08 22:37:01 | NOK alza | CUSUM: subiendo fuerte +4.99% px 13.57
2026-07-08 22:37:01 | NOK breakout | Donchian: rompe maximo del dia px 13.57
2026-07-08 22:37:01 | NOK tendencia | Supertrend: tendencia ALCISTA px 13.57
2026-07-08 22:37:01 | NOK alza | CUSUM: subiendo fuerte +2.08% px 13.55
2026-07-08 22:37:01 | NOK tendencia | Supertrend: tendencia BAJISTA px 13.44
2026-07-08 22:37:01 | NOK breakout | Donchian: rompe maximo del dia px 13.67
2026-07-08 22:37:01 | NOK tendencia | Supertrend: tendencia ALCISTA px 13.66
2026-07-08 22:37:01 | NOK alza | CUSUM: subiendo fuerte +2.12% px 13.70
2026-07-08 22:37:01 | NOK caida | CUSUM: cayendo fuerte -2.02% px 13.51
2026-07-08 22:37:01 | NOK alza | CUSUM: subiendo fuerte +2.31% px 13.80
2026-07-08 22:37:01 | NOK breakout | Donchian: rompe maximo del dia px 13.80
2026-07-08 22:37:01 | NOK breakout | Donchian: rompe maximo del dia px 13.97
2026-07-08 22:37:01 | NOK alza | CUSUM: subiendo fuerte +2.30% px 14.07
2026-07-08 22:37:01 | NOK breakout | Donchian: rompe maximo del dia px 14.28
2026-07-08 22:37:01 | NOK alza | CUSUM: subiendo fuerte +2.01% px 14.32
2026-07-08 22:37:01 | NOK breakout | Donchian: rompe maximo del dia px 14.43
2026-07-08 22:37:01 | NOK caida | CUSUM: cayendo fuerte -2.24% px 14.13
2026-07-08 22:37:01 | NOK alza | CUSUM: subiendo fuerte +2.03% px 14.42
2026-07-08 22:37:01 | NOK tendencia | Supertrend: tendencia BAJISTA px 14.28
2026-07-08 22:37:01 | NOK alza | CUSUM: subiendo fuerte +2.52% px 14.54
2026-07-08 22:37:02 | NOK breakout | Donchian: rompe maximo del dia px 14.54
2026-07-08 22:37:02 | NOK tendencia | Supertrend: tendencia ALCISTA px 14.55
2026-07-08 22:37:02 | NOK alza | CUSUM: subiendo fuerte +3.75% px 14.95
2026-07-08 22:37:02 | NOK breakout | Donchian: rompe maximo del dia px 14.99
2026-07-08 22:37:02 | NOK caida | CUSUM: cayendo fuerte -2.21% px 14.73
2026-07-08 22:37:02 | NOK alza | CUSUM: subiendo fuerte +2.08% px 15.04
2026-07-08 22:37:02 | NOK tendencia | Supertrend: tendencia BAJISTA px 14.79
2026-07-08 22:37:02 | NOK alza | CUSUM: subiendo fuerte +2.67% px 15.18
2026-07-08 22:37:02 | NOK breakout | Donchian: rompe maximo del dia px 15.18
2026-07-08 22:37:02 | NOK: SELL NOW | VENDER NOK @ 15.18 | trail 3xATR roto | entrada 14.91 | PnL +1.8%
2026-07-08 22:37:02 | NOK tendencia | Supertrend: tendencia ALCISTA px 15.17
2026-07-08 22:37:02 | NOK caida | CUSUM: cayendo fuerte -2.00% px 15.10
2026-07-08 22:37:02 | NOK tendencia | Supertrend: tendencia BAJISTA px 14.97
2026-07-08 22:37:02 | NOK caida | CUSUM: cayendo fuerte -2.65% px 14.77
2026-07-08 22:37:02 | NOK breakdown | Donchian: rompe minimo del dia px 14.77
2026-07-08 22:37:02 | NOK caida | CUSUM: cayendo fuerte -3.88% px 14.30
2026-07-08 22:37:02 | NOK breakdown | Donchian: rompe minimo del dia px 14.30
2026-07-08 22:37:02 | NOK alza | CUSUM: subiendo fuerte +2.59% px 14.65
2026-07-08 22:37:02 | NOK tendencia | Supertrend: tendencia ALCISTA px 14.73
2026-07-08 22:37:02 | NOK alza | CUSUM: subiendo fuerte +2.24% px 14.91
2026-07-08 22:37:02 | NOK tendencia | Supertrend: tendencia BAJISTA px 14.73
2026-07-08 22:37:02 | NOK caida | CUSUM: cayendo fuerte -2.02% px 14.71
2026-07-08 22:37:02 | NOK caida | CUSUM: cayendo fuerte -2.09% px 14.44
2026-07-08 22:37:03 | NOK breakdown | Donchian: rompe minimo del dia px 14.29
2026-07-08 22:37:03 | NOK caida | CUSUM: cayendo fuerte -4.13% px 14.10
2026-07-08 22:37:03 | NOK breakdown | Donchian: rompe minimo del dia px 13.88
2026-07-08 22:37:03 | NOK breakdown | Donchian: rompe minimo del dia px 13.82
2026-07-08 22:37:03 | NOK caida | CUSUM: cayendo fuerte -2.01% px 13.81
2026-07-08 22:37:03 | NOK breakdown | Donchian: rompe minimo del dia px 13.76
2026-07-08 22:37:03 | NOK alza | CUSUM: subiendo fuerte +2.34% px 14.07
2026-07-08 22:37:03 | NOK tendencia | Supertrend: tendencia ALCISTA px 14.02
2026-07-08 22:37:03 | NOK alza | CUSUM: subiendo fuerte +2.14% px 14.16
2026-07-08 22:37:03 | NOK alza | CUSUM: subiendo fuerte +2.11% px 14.37
2026-07-08 22:37:03 | NOK caida | CUSUM: cayendo fuerte -2.02% px 14.10
2026-07-08 22:37:03 | NOK tendencia | Supertrend: tendencia BAJISTA px 13.88
2026-07-08 22:37:03 | NOK caida | CUSUM: cayendo fuerte -2.02% px 13.82
2026-07-08 22:37:03 | NOK breakdown | Donchian: rompe minimo del dia px 13.77
2026-07-08 22:37:03 | NOK alza | CUSUM: subiendo fuerte +2.08% px 14.05
2026-07-08 22:37:03 | NOK: BUY NOW | COMPRAR NOK @ 14.01 | target 14.57 (+4%) | floor 14.15 | capitulacion confirmada
2026-07-08 22:37:03 | NOK alza | CUSUM: subiendo fuerte +2.14% px 14.14
2026-07-08 22:37:03 | NOK tendencia | Supertrend: tendencia ALCISTA px 14.17
2026-07-08 22:37:03 | NOK: SELL NOW | VENDER NOK @ 14.16 | trail 3xATR roto | entrada 14.01 | PnL +1.1%
2026-07-08 22:37:03 | NOK caida | CUSUM: cayendo fuerte -3.38% px 13.80
2026-07-08 22:37:03 | NOK breakdown | Donchian: rompe minimo del dia px 13.72
2026-07-08 22:37:03 | NOK alza | CUSUM: subiendo fuerte +2.31% px 14.03
2026-07-08 22:37:03 | NOK tendencia | Supertrend: tendencia ALCISTA px 14.04
2026-07-08 22:37:03 | NOK tendencia | Supertrend: tendencia BAJISTA px 13.86
2026-07-08 22:37:03 | NOK caida | CUSUM: cayendo fuerte -2.47% px 13.77
2026-07-08 22:37:04 | NOK breakdown | Donchian: rompe minimo del dia px 13.46
2026-07-08 22:37:04 | NOK alza | CUSUM: subiendo fuerte +2.29% px 13.73
2026-07-08 22:37:04 | NOK caida | CUSUM: cayendo fuerte -2.05% px 13.52
2026-07-08 22:37:04 | NOK breakdown | Donchian: rompe minimo del dia px 13.38
2026-07-08 22:37:04 | NOK caida | CUSUM: cayendo fuerte -2.04% px 13.33
2026-07-08 22:37:04 | NOK breakdown | Donchian: rompe minimo del dia px 13.33
2026-07-08 22:37:04 | NOK tendencia | Supertrend: tendencia ALCISTA px 13.51
2026-07-08 22:37:04 | NOK alza | CUSUM: subiendo fuerte +2.14% px 13.59
2026-07-08 22:37:04 | NOK tendencia | Supertrend: tendencia BAJISTA px 13.33
2026-07-08 22:37:04 | NOK alza | CUSUM: subiendo fuerte +2.01% px 13.56
2026-07-08 22:37:04 | NOK tendencia | Supertrend: tendencia ALCISTA px 13.63
2026-07-08 22:37:04 | NOK breakout | Donchian: rompe maximo del dia px 13.75
2026-07-08 22:37:04 | NOK alza | CUSUM: subiendo fuerte +2.01% px 13.82
2026-07-08 22:37:04 | NOK alza | CUSUM: subiendo fuerte +2.67% px 14.02
2026-07-08 22:37:04 | NOK breakout | Donchian: rompe maximo del dia px 14.02
2026-07-08 22:37:04 | NOK alza | CUSUM: subiendo fuerte +2.49% px 14.17
2026-07-08 22:37:04 | NOK alza | CUSUM: subiendo fuerte +2.00% px 14.19
2026-07-08 22:37:04 | NOK breakout | Donchian: rompe maximo del dia px 14.30
2026-07-08 22:37:04 | NOK alza | CUSUM: subiendo fuerte +2.23% px 14.50
2026-07-08 22:37:04 | NOK breakout | Donchian: rompe maximo del dia px 14.56
2026-07-08 22:37:04 | NOK tendencia | Supertrend: tendencia BAJISTA px 14.31
2026-07-08 22:37:04 | NOK caida | CUSUM: cayendo fuerte -2.15% px 14.25
2026-07-08 22:37:04 | NOK breakdown | Donchian: rompe minimo del dia px 13.51
2026-07-08 22:37:04 | NOK caida | CUSUM: cayendo fuerte -6.41% px 13.44
2026-07-08 22:37:04 | NOK caida | CUSUM: cayendo fuerte -2.13% px 13.47
2026-07-08 22:37:05 | NOK caida | CUSUM: cayendo fuerte -2.88% px 13.33
2026-07-08 22:37:05 | NOK: BUY NOW | COMPRAR NOK @ 13.47 | target 14.01 (+4%) | floor 13.60 | capitulacion confirmada
2026-07-08 22:37:05 | NOK tendencia | Supertrend: tendencia ALCISTA px 13.73
2026-07-08 22:37:05 | NOK alza | CUSUM: subiendo fuerte +2.94% px 13.73
2026-07-08 22:37:05 | NOK: SELL NOW | VENDER NOK @ 13.73 | trail 3xATR roto | entrada 13.47 | PnL +1.9%
2026-07-08 22:37:05 | NOK alza | CUSUM: subiendo fuerte +2.16% px 13.89
2026-07-08 22:37:05 | NOK breakout | Donchian: rompe maximo del dia px 13.89
2026-07-08 22:37:05 | NOK alza | CUSUM: subiendo fuerte +2.09% px 14.02
2026-07-08 22:37:05 | NOK breakout | Donchian: rompe maximo del dia px 14.11
2026-07-08 22:37:05 | NOK tendencia | Supertrend: tendencia BAJISTA px 13.94
2026-07-08 22:37:05 | NOK caida | CUSUM: cayendo fuerte -2.03% px 13.88
2026-07-08 22:37:05 | NOK: BUY NOW | COMPRAR NOK @ 13.86 | target 14.41 (+4%) | floor 14.00 | capitulacion confirmada
2026-07-08 22:37:05 | NOK caida | CUSUM: cayendo fuerte -2.40% px 13.67
2026-07-08 22:37:05 | NOK tendencia | Supertrend: tendencia ALCISTA px 14.09
2026-07-08 22:37:05 | NOK: SELL NOW | VENDER NOK @ 14.02 | trail 3xATR roto | entrada 13.86 | PnL +1.1%
2026-07-08 22:37:05 | NOK alza | CUSUM: subiendo fuerte +2.10% px 13.96
2026-07-08 22:37:05 | NOK caida | CUSUM: cayendo fuerte -2.01% px 13.80
2026-07-08 22:37:05 | NOK tendencia | Supertrend: tendencia BAJISTA px 13.68
2026-07-08 22:37:05 | NOK alza | CUSUM: subiendo fuerte +2.36% px 13.92
2026-07-08 22:37:05 | NOK breakout | Donchian: rompe maximo del dia px 14.20
2026-07-08 22:37:05 | NOK alza | CUSUM: subiendo fuerte +2.28% px 14.22
2026-07-08 22:37:05 | NOK breakout | Donchian: rompe maximo del dia px 14.26
2026-07-08 22:37:05 | NOK breakout | Donchian: rompe maximo del dia px 14.32
2026-07-08 22:37:05 | NOK caida | CUSUM: cayendo fuerte -2.15% px 14.03
2026-07-08 22:37:05 | NOK breakdown | Donchian: rompe minimo del dia px 13.94
2026-07-08 22:37:06 | NOK tendencia | Supertrend: tendencia BAJISTA px 14.07
2026-07-08 22:37:06 | NOK alza | CUSUM: subiendo fuerte +4.43% px 13.97
2026-07-08 22:37:06 | NOK alza | CUSUM: subiendo fuerte +2.08% px 14.10
2026-07-08 22:37:06 | NOK tendencia | Supertrend: tendencia BAJISTA px 13.92
2026-07-08 22:37:06 | NOK caida | CUSUM: cayendo fuerte -3.77% px 13.58
2026-07-08 22:37:06 | NOK breakdown | Donchian: rompe minimo del dia px 13.58
2026-07-08 22:37:06 | NOK breakdown | Donchian: rompe minimo del dia px 13.37
2026-07-08 22:37:06 | NOK caida | CUSUM: cayendo fuerte -2.35% px 13.27
2026-07-08 22:37:06 | NOK caida | CUSUM: cayendo fuerte -2.25% px 12.97
2026-07-08 22:37:06 | NOK breakdown | Donchian: rompe minimo del dia px 12.97
2026-07-08 22:37:06 | NOK breakdown | Donchian: rompe minimo del dia px 12.84
2026-07-08 22:37:06 | NOK breakdown | Donchian: rompe minimo del dia px 12.80
2026-07-08 22:37:06 | NOK caida | CUSUM: cayendo fuerte -2.01% px 12.79
2026-07-08 22:37:06 | NOK tendencia | Supertrend: tendencia ALCISTA px 12.98
2026-07-08 22:37:06 | NOK tendencia | Supertrend: tendencia BAJISTA px 12.84
2026-07-08 22:37:06 | NOK breakdown | Donchian: rompe minimo del dia px 12.81
2026-07-08 22:37:06 | NOK caida | CUSUM: cayendo fuerte -2.17% px 12.74
2026-07-08 22:37:06 | NOK breakdown | Donchian: rompe minimo del dia px 12.74
2026-07-08 22:37:06 | NOK: BUY NOW | COMPRAR NOK @ 12.75 | target 13.26 (+4%) | floor 12.88 | capitulacion confirmada
2026-07-08 22:37:06 | NOK alza | CUSUM: subiendo fuerte +2.27% px 12.47
2026-07-08 22:37:06 | NOK tendencia | Supertrend: tendencia ALCISTA px 12.65
2026-07-08 22:37:06 | NOK alza | CUSUM: subiendo fuerte +3.57% px 12.81
2026-07-08 22:37:06 | NOK: SELL NOW | VENDER NOK @ 12.88 | trail 3xATR roto | entrada 12.75 | PnL +1.0%
2026-07-08 22:37:06 | NOK breakout | Donchian: rompe maximo del dia px 13.00
2026-07-08 22:37:06 | NOK alza | CUSUM: subiendo fuerte +2.05% px 13.04
2026-07-08 22:37:07 | NOK breakout | Donchian: rompe maximo del dia px 13.32
2026-07-08 22:37:07 | NOK alza | CUSUM: subiendo fuerte +3.28% px 13.34
2026-07-08 22:37:07 | NOK breakout | Donchian: rompe maximo del dia px 13.39
2026-07-08 22:37:07 | NOK tendencia | Supertrend: tendencia BAJISTA px 13.22
2026-07-08 22:37:07 | NOK breakout | Donchian: rompe maximo del dia px 13.40
2026-07-08 22:37:07 | NOK tendencia | Supertrend: tendencia ALCISTA px 13.35
2026-07-08 22:37:07 | NOK alza | CUSUM: subiendo fuerte +2.03% px 13.44
2026-07-08 22:37:07 | NOK caida | CUSUM: cayendo fuerte -2.02% px 13.19
2026-07-08 22:37:07 | NOK breakdown | Donchian: rompe minimo del dia px 13.15
2026-07-08 22:37:07 | NOK tendencia | Supertrend: tendencia BAJISTA px 13.13
2026-07-08 22:37:07 | NOK tendencia | Supertrend: tendencia ALCISTA px 13.32
2026-07-08 22:37:07 | NOK caida | CUSUM: cayendo fuerte -2.11% px 13.11
2026-07-08 22:37:07 | NOK breakdown | Donchian: rompe minimo del dia px 13.11
2026-07-08 22:37:07 | NOK tendencia | Supertrend: tendencia BAJISTA px 13.24
2026-07-08 22:37:07 | NOK tendencia | Supertrend: tendencia ALCISTA px 13.33
2026-07-08 22:37:07 | NOK alza | CUSUM: subiendo fuerte +2.26% px 13.41
2026-07-08 22:37:07 | NOK breakout | Donchian: rompe maximo del dia px 13.41
2026-07-08 22:37:07 | NOK tendencia | Supertrend: tendencia BAJISTA px 13.20
2026-07-08 22:37:07 | NOK caida | CUSUM: cayendo fuerte -2.01% px 13.14
2026-07-08 22:37:07 | NOK breakdown | Donchian: rompe minimo del dia px 13.06
2026-07-08 22:37:07 | NOK caida | CUSUM: cayendo fuerte -2.42% px 12.87
2026-07-08 22:37:07 | NOK caida | CUSUM: cayendo fuerte -2.10% px 12.81
2026-07-08 22:37:07 | NOK breakdown | Donchian: rompe minimo del dia px 12.72
2026-07-08 22:37:07 | NOK alza | CUSUM: subiendo fuerte +2.00% px 12.98
2026-07-08 22:37:08 | NOK tendencia | Supertrend: tendencia ALCISTA px 12.90
2026-07-08 22:37:08 | NOK caida | CUSUM: cayendo fuerte -3.54% px 12.56
2026-07-08 22:37:08 | NOK tendencia | Supertrend: tendencia BAJISTA px 12.57
2026-07-08 22:37:08 | NOK tendencia | Supertrend: tendencia ALCISTA px 12.69
2026-07-08 22:37:08 | NOK alza | CUSUM: subiendo fuerte +2.06% px 12.76
2026-07-08 22:37:08 | NOK breakout | Donchian: rompe maximo del dia px 12.93
2026-07-08 22:37:08 | NOK caida | CUSUM: cayendo fuerte -2.53% px 12.66
2026-07-08 22:37:08 | NOK tendencia | Supertrend: tendencia BAJISTA px 12.72
2026-07-08 22:37:08 | NOK: BUY NOW | COMPRAR NOK @ 12.72 | target 13.23 (+4%) | floor 12.85 | capitulacion confirmada
2026-07-08 22:37:08 | NOK caida | CUSUM: cayendo fuerte -2.71% px 12.55
2026-07-08 22:37:08 | NOK breakdown | Donchian: rompe minimo del dia px 12.47
2026-07-08 22:37:08 | NOK caida | CUSUM: cayendo fuerte -2.01% px 12.30
2026-07-08 22:37:08 | NOK breakdown | Donchian: rompe minimo del dia px 12.28
2026-07-08 22:37:08 | NOK caida | CUSUM: cayendo fuerte -2.09% px 12.05
2026-07-08 22:37:08 | NOK breakdown | Donchian: rompe minimo del dia px 11.98
2026-07-08 22:37:08 | NOK alza | CUSUM: subiendo fuerte +4.32% px 12.43
2026-07-08 22:37:08 | NOK breakout | Donchian: rompe maximo del dia px 12.43
2026-07-08 22:37:08 | NOK tendencia | Supertrend: tendencia ALCISTA px 12.44
2026-07-08 22:37:08 | NOK alza | CUSUM: subiendo fuerte +2.01% px 12.55
2026-07-08 22:37:08 | NOK breakout | Donchian: rompe maximo del dia px 12.57
2026-07-08 22:37:08 | NOK tendencia | Supertrend: tendencia BAJISTA px 12.42
2026-07-08 22:37:08 | NOK alza | CUSUM: subiendo fuerte +2.11% px 12.62
2026-07-08 22:37:09 | NOK breakout | Donchian: rompe maximo del dia px 12.70
2026-07-08 22:37:09 | NOK caida | CUSUM: cayendo fuerte -2.02% px 12.49
2026-07-08 22:37:09 | NOK tendencia | Supertrend: tendencia BAJISTA px 12.41
2026-07-08 22:37:26 | NOK alza | CUSUM: subiendo fuerte +2.27% px 11.80
2026-07-08 22:37:26 | NOK caida | CUSUM: cayendo fuerte -2.00% px 11.61
2026-07-08 22:37:26 | NOK alza | CUSUM: subiendo fuerte +2.05% px 11.82
2026-07-08 22:37:26 | NOK breakout | Donchian: rompe maximo del dia px 11.87
