2026-07-08 10:19:08 | WARNING | !!! REAL MONEY (leveraged sector ETFs) - Type YES !!!
> 2026-07-08 10:19:08 | INFO    | Connecting to 127.0.0.1:7496 with clientId 10...
2026-07-08 10:19:08 | INFO    | Connected
2026-07-08 10:19:08 | INFO    | Logged on to server version 176
2026-07-08 10:19:08 | INFO    | Warning 2104, reqId -1: Market data farm connection is OK:cafarm
2026-07-08 10:19:08 | INFO    | Warning 2104, reqId -1: Market data farm connection is OK:cashfarm
2026-07-08 10:19:08 | INFO    | Warning 2104, reqId -1: Market data farm connection is OK:usfuture
2026-07-08 10:19:08 | INFO    | Warning 2104, reqId -1: Market data farm connection is OK:usopt.nj
2026-07-08 10:19:08 | INFO    | Warning 2104, reqId -1: Market data farm connection is OK:usfarm.nj
2026-07-08 10:19:08 | INFO    | Warning 2104, reqId -1: Market data farm connection is OK:eufarm
2026-07-08 10:19:08 | INFO    | Warning 2104, reqId -1: Market data farm connection is OK:usfarm
2026-07-08 10:19:08 | INFO    | Warning 2106, reqId -1: HMDS data farm connection is OK:euhmds
2026-07-08 10:19:08 | INFO    | Warning 2106, reqId -1: HMDS data farm connection is OK:fundfarm
2026-07-08 10:19:08 | INFO    | Warning 2106, reqId -1: HMDS data farm connection is OK:ushmds
2026-07-08 10:19:08 | INFO    | Warning 2158, reqId -1: Sec-def data farm connection is OK:secdefil
2026-07-08 10:19:08 | INFO    | API connection ready
2026-07-08 10:19:08 | INFO    | position: Position(account='U26942420', contract=Forex('USDCAD', conId=15016062, localSymbol='USD.CAD', tradingClass='USD.CAD'), position=0.0, avgCost=0.0)
2026-07-08 10:19:08 | INFO    | position: Position(account='U26942420', contract=Stock(conId=723442707, symbol='GNS', exchange='AMEX', currency='USD', localSymbol='GNS', tradingClass='GNS'), position=1.0, avgCost=0.185136)
2026-07-08 10:19:08 | INFO    | updatePortfolio: PortfolioItem(contract=Stock(conId=723442707, symbol='GNS', right='0', primaryExchange='AMEX', currency='USD', localSymbol='GNS', tradingClass='GNS'), position=1.0, marketPrice=0.1832281, marketValue=0.18, averageCost=0.185136, unrealizedPNL=-0.0, realizedPNL=0.0, account='U26942420')
2026-07-08 10:19:09 | INFO    | execDetails Execution(execId='0000fed1.6a4e43dc.01.01', time=datetime.datetime(2026, 7, 8, 14, 5, 22, tzinfo=datetime.timezone.utc), acctNumber='U26942420', exchange='IBKRATS', side='BOT', shares=1.0, price=0.1833, permId=439243579, clientId=25, orderId=5, liquidation=0, cumQty=1.0, avgPrice=0.1833, orderRef='', evRule='', evMultiplier=0.0, modelCode='', lastLiquidity=2)
2026-07-08 10:19:09 | INFO    | execDetails Execution(execId='0000d5db.6da82d9a.01.01', time=datetime.datetime(2026, 7, 8, 14, 5, 22, tzinfo=datetime.timezone.utc), acctNumber='U26942420', exchange='IDEALPRO', side='BOT', shares=0.18, price=1.41803, permId=1078406263, clientId=0, orderId=0, liquidation=1, cumQty=0.18, avgPrice=1.41803, orderRef='', evRule='', evMultiplier=0.0, modelCode='', lastLiquidity=2)
2026-07-08 10:19:09 | INFO    | commissionReport: CommissionReport(execId='0000fed1.6a4e43dc.01.01', commission=0.001836, currency='USD', realizedPNL=0.0, yield_=0.0, yieldRedemptionDate=0)
2026-07-08 10:19:09 | INFO    | commissionReport: CommissionReport(execId='0000d5db.6da82d9a.01.01', commission=0.0, currency='CAD', realizedPNL=0.0, yield_=0.0, yieldRedemptionDate=0)
2026-07-08 10:19:09 | INFO    | Synchronization complete
2026-07-08 10:19:09 | INFO    | Managed accounts visible: U26642820, U26942420
2026-07-08 10:19:09 | INFO    | Sector bot live: bull=RAM bear=SOXS cash=$2.24 | extended_hours=False db_log=True
2026-07-08 10:42:13 | ERROR   | Error 1100, reqId -1: Connectivity between %SHORT_COMPNAME% and %SHORT_PRODNAME% has been lost.
2026-07-08 10:42:17 | INFO    | Warning 2105, reqId -1: HMDS data farm connection is broken:euhmds
2026-07-08 10:42:26 | ERROR   | Error 1100, reqId -1: Connectivity between %SHORT_COMPNAME% and %SHORT_PRODNAME% has been lost.
2026-07-08 10:42:32 | ERROR   | Error 1100, reqId -1: Connectivity between %SHORT_COMPNAME% and %SHORT_PRODNAME% has been lost.
2026-07-08 10:42:50 | INFO    | Warning 2103, reqId -1: Market data farm connection is broken:usopt.nj
2026-07-08 10:42:51 | INFO    | Warning 2103, reqId -1: Market data farm connection is broken:eufarm
2026-07-08 10:42:57 | ERROR   | Error 1100, reqId -1: Connectivity between %SHORT_COMPNAME% and %SHORT_PRODNAME% has been lost.
2026-07-08 10:43:00 | INFO    | Warning 2103, reqId -1: Market data farm connection is broken:usfarm
2026-07-08 10:43:00 | INFO    | Warning 2157, reqId -1: Sec-def data farm connection is broken:secdefil
2026-07-08 10:43:00 | INFO    | Warning 2105, reqId -1: HMDS data farm connection is broken:ushmds
2026-07-08 10:43:07 | INFO    | Warning 2103, reqId -1: Market data farm connection is broken:cashfarm
2026-07-08 10:43:08 | INFO    | Warning 2103, reqId -1: Market data farm connection is broken:cafarm
2026-07-08 10:43:08 | INFO    | Warning 2103, reqId -1: Market data farm connection is broken:usfuture
2026-07-08 10:43:08 | INFO    | Warning 2103, reqId -1: Market data farm connection is broken:usfarm.nj
2026-07-08 10:43:09 | INFO    | Warning 2105, reqId -1: HMDS data farm connection is broken:fundfarm
2026-07-08 10:43:30 | WARNING | reqHistoricalData: Timeout for Stock(conId=870556708, symbol='DRAM', exchange='SMART', primaryExchange='BATS', currency='USD', localSymbol='DRAM', tradingClass='DRAM')
2026-07-08 10:43:30 | ERROR   | Error 366, reqId 75: No historical data query found for ticker id:75, contract: Stock(conId=870556708, symbol='DRAM', exchange='SMART', primaryExchange='BATS', currency='USD', localSymbol='DRAM', tradingClass='DRAM')
2026-07-08 10:43:42 | ERROR   | Error 1100, reqId -1: Connectivity between %SHORT_COMPNAME% and %SHORT_PRODNAME% has been lost.
2026-07-08 10:43:55 | INFO    | position: Position(account='U26942420', contract=Stock(conId=723442707, symbol='GNS', exchange='AMEX', currency='USD', localSymbol='GNS', tradingClass='GNS'), position=1.0, avgCost=0.185136)
2026-07-08 10:43:55 | INFO    | Warning 2108, reqId -1: Market data farm connection is inactive but should be available upon demand.usopt.nj
2026-07-08 10:43:55 | INFO    | updatePortfolio: PortfolioItem(contract=Stock(conId=723442707, symbol='GNS', right='0', primaryExchange='AMEX', currency='USD', localSymbol='GNS', tradingClass='GNS'), position=1.0, marketPrice=0.1832281, marketValue=0.18, averageCost=0.185136, unrealizedPNL=-0.0, realizedPNL=0.0, account='U26942420')
2026-07-08 10:43:55 | INFO    | Warning 2106, reqId -1: HMDS data farm connection is OK:fundfarm
2026-07-08 10:43:55 | INFO    | Warning 2104, reqId -1: Market data farm connection is OK:usopt.nj
2026-07-08 10:43:56 | INFO    | Warning 2104, reqId -1: Market data farm connection is OK:usfarm
2026-07-08 10:43:56 | INFO    | Warning 2158, reqId -1: Sec-def data farm connection is OK:secdefil
2026-07-08 10:43:56 | INFO    | Warning 2106, reqId -1: HMDS data farm connection is OK:ushmds
2026-07-08 10:43:56 | INFO    | Warning 2104, reqId -1: Market data farm connection is OK:cafarm
2026-07-08 10:43:56 | INFO    | Warning 2104, reqId -1: Market data farm connection is OK:usfuture
2026-07-08 10:43:56 | INFO    | Warning 2104, reqId -1: Market data farm connection is OK:cashfarm
2026-07-08 10:43:56 | INFO    | Warning 2106, reqId -1: HMDS data farm connection is OK:euhmds
2026-07-08 10:43:57 | INFO    | Warning 2104, reqId -1: Market data farm connection is OK:usfarm.nj
2026-07-08 10:43:57 | INFO    | Warning 2104, reqId -1: Market data farm connection is OK:eufarm
2026-07-08 10:44:25 | ERROR   | Error 1102, reqId -1: Connectivity between %SHORT_COMPNAME% and %SHORT_PRODNAME% has been restored - data maintained. Les batteries de serveurs suivantes sont connect\u00e9es: cafarm; cashfarm; usfuture; usfarm.nj; eufarm; usfarm; euhmds; fundfarm; ushmds; secdefil. Les batteries de serveurs suivantes ne sont pas connect\u00e9es: usopt.nj.
2026-07-08 15:18:43 | ERROR   | Error 1100, reqId -1: Connectivity between %SHORT_COMPNAME% and %SHORT_PRODNAME% has been lost.
2026-07-08 15:19:16 | ERROR   | Error 1100, reqId -1: Connectivity between %SHORT_COMPNAME% and %SHORT_PRODNAME% has been lost.
2026-07-08 15:19:16 | INFO    | Warning 2103, reqId -1: Market data farm connection is broken:cafarm
2026-07-08 15:19:16 | INFO    | Warning 2103, reqId -1: Market data farm connection is broken:cashfarm
2026-07-08 15:19:16 | INFO    | Warning 2103, reqId -1: Market data farm connection is broken:usfuture
2026-07-08 15:19:16 | INFO    | Warning 2103, reqId -1: Market data farm connection is broken:usopt.nj
2026-07-08 15:19:16 | INFO    | Warning 2103, reqId -1: Market data farm connection is broken:usfarm.nj
2026-07-08 15:19:16 | INFO    | Warning 2103, reqId -1: Market data farm connection is broken:eufarm
2026-07-08 15:19:16 | INFO    | Warning 2103, reqId -1: Market data farm connection is broken:usfarm
2026-07-08 15:19:16 | INFO    | Warning 2157, reqId -1: Sec-def data farm connection is broken:secdefil
2026-07-08 15:19:16 | INFO    | Warning 2105, reqId -1: HMDS data farm connection is broken:euhmds
2026-07-08 15:19:16 | INFO    | Warning 2105, reqId -1: HMDS data farm connection is broken:fundfarm
2026-07-08 15:19:16 | INFO    | Warning 2105, reqId -1: HMDS data farm connection is broken:ushmds
2026-07-08 15:20:04 | WARNING | reqHistoricalData: Timeout for Stock(conId=870556708, symbol='DRAM', exchange='SMART', primaryExchange='BATS', currency='USD', localSymbol='DRAM', tradingClass='DRAM')
2026-07-08 15:20:04 | ERROR   | Error 366, reqId 2216: No historical data query found for ticker id:2216, contract: Stock(conId=870556708, symbol='DRAM', exchange='SMART', primaryExchange='BATS', currency='USD', localSymbol='DRAM', tradingClass='DRAM')
2026-07-08 15:21:04 | WARNING | reqHistoricalData: Timeout for Stock(conId=9939, symbol='MU', exchange='SMART', primaryExchange='NASDAQ', currency='USD', localSymbol='MU', tradingClass='NMS')
2026-07-08 15:21:04 | ERROR   | Error 366, reqId 2217: No historical data query found for ticker id:2217, contract: Stock(conId=9939, symbol='MU', exchange='SMART', primaryExchange='NASDAQ', currency='USD', localSymbol='MU', tradingClass='NMS')
2026-07-08 15:22:04 | WARNING | reqHistoricalData: Timeout for Stock(conId=895507567, symbol='RAM', exchange='SMART', primaryExchange='BATS', currency='USD', localSymbol='RAM', tradingClass='RAM')
2026-07-08 15:22:04 | ERROR   | Error 366, reqId 2218: No historical data query found for ticker id:2218, contract: Stock(conId=895507567, symbol='RAM', exchange='SMART', primaryExchange='BATS', currency='USD', localSymbol='RAM', tradingClass='RAM')
2026-07-08 15:23:04 | WARNING | reqHistoricalData: Timeout for Stock(conId=854072548, symbol='SOXS', exchange='SMART', primaryExchange='ARCA', currency='USD', localSymbol='SOXS', tradingClass='SOXS')
2026-07-08 15:23:04 | ERROR   | Error 366, reqId 2219: No historical data query found for ticker id:2219, contract: Stock(conId=854072548, symbol='SOXS', exchange='SMART', primaryExchange='ARCA', currency='USD', localSymbol='SOXS', tradingClass='SOXS')
2026-07-08 15:24:34 | WARNING | reqHistoricalData: Timeout for Stock(conId=870556708, symbol='DRAM', exchange='SMART', primaryExchange='BATS', currency='USD', localSymbol='DRAM', tradingClass='DRAM')
2026-07-08 15:24:34 | ERROR   | Error 366, reqId 2220: No historical data query found for ticker id:2220, contract: Stock(conId=870556708, symbol='DRAM', exchange='SMART', primaryExchange='BATS', currency='USD', localSymbol='DRAM', tradingClass='DRAM')
2026-07-08 15:25:34 | WARNING | reqHistoricalData: Timeout for Stock(conId=9939, symbol='MU', exchange='SMART', primaryExchange='NASDAQ', currency='USD', localSymbol='MU', tradingClass='NMS')
2026-07-08 15:25:34 | ERROR   | Error 366, reqId 2221: No historical data query found for ticker id:2221, contract: Stock(conId=9939, symbol='MU', exchange='SMART', primaryExchange='NASDAQ', currency='USD', localSymbol='MU', tradingClass='NMS')
2026-07-08 15:26:34 | WARNING | reqHistoricalData: Timeout for Stock(conId=895507567, symbol='RAM', exchange='SMART', primaryExchange='BATS', currency='USD', localSymbol='RAM', tradingClass='RAM')
2026-07-08 15:26:34 | ERROR   | Error 366, reqId 2222: No historical data query found for ticker id:2222, contract: Stock(conId=895507567, symbol='RAM', exchange='SMART', primaryExchange='BATS', currency='USD', localSymbol='RAM', tradingClass='RAM')
2026-07-08 15:27:34 | WARNING | reqHistoricalData: Timeout for Stock(conId=854072548, symbol='SOXS', exchange='SMART', primaryExchange='ARCA', currency='USD', localSymbol='SOXS', tradingClass='SOXS')
2026-07-08 15:27:34 | ERROR   | Error 366, reqId 2223: No historical data query found for ticker id:2223, contract: Stock(conId=854072548, symbol='SOXS', exchange='SMART', primaryExchange='ARCA', currency='USD', localSymbol='SOXS', tradingClass='SOXS')
2026-07-08 15:29:04 | WARNING | reqHistoricalData: Timeout for Stock(conId=870556708, symbol='DRAM', exchange='SMART', primaryExchange='BATS', currency='USD', localSymbol='DRAM', tradingClass='DRAM')
2026-07-08 15:29:04 | ERROR   | Error 366, reqId 2224: No historical data query found for ticker id:2224, contract: Stock(conId=870556708, symbol='DRAM', exchange='SMART', primaryExchange='BATS', currency='USD', localSymbol='DRAM', tradingClass='DRAM')
2026-07-08 15:30:04 | WARNING | reqHistoricalData: Timeout for Stock(conId=9939, symbol='MU', exchange='SMART', primaryExchange='NASDAQ', currency='USD', localSymbol='MU', tradingClass='NMS')
2026-07-08 15:30:04 | ERROR   | Error 366, reqId 2225: No historical data query found for ticker id:2225, contract: Stock(conId=9939, symbol='MU', exchange='SMART', primaryExchange='NASDAQ', currency='USD', localSymbol='MU', tradingClass='NMS')
2026-07-08 15:31:04 | WARNING | reqHistoricalData: Timeout for Stock(conId=895507567, symbol='RAM', exchange='SMART', primaryExchange='BATS', currency='USD', localSymbol='RAM', tradingClass='RAM')
2026-07-08 15:31:04 | ERROR   | Error 366, reqId 2226: No historical data query found for ticker id:2226, contract: Stock(conId=895507567, symbol='RAM', exchange='SMART', primaryExchange='BATS', currency='USD', localSymbol='RAM', tradingClass='RAM')
2026-07-08 15:32:04 | WARNING | reqHistoricalData: Timeout for Stock(conId=854072548, symbol='SOXS', exchange='SMART', primaryExchange='ARCA', currency='USD', localSymbol='SOXS', tradingClass='SOXS')
2026-07-08 15:32:04 | ERROR   | Error 366, reqId 2227: No historical data query found for ticker id:2227, contract: Stock(conId=854072548, symbol='SOXS', exchange='SMART', primaryExchange='ARCA', currency='USD', localSymbol='SOXS', tradingClass='SOXS')
2026-07-08 15:33:35 | WARNING | reqHistoricalData: Timeout for Stock(conId=870556708, symbol='DRAM', exchange='SMART', primaryExchange='BATS', currency='USD', localSymbol='DRAM', tradingClass='DRAM')
2026-07-08 15:33:35 | ERROR   | Error 366, reqId 2228: No historical data query found for ticker id:2228, contract: Stock(conId=870556708, symbol='DRAM', exchange='SMART', primaryExchange='BATS', currency='USD', localSymbol='DRAM', tradingClass='DRAM')
2026-07-08 15:34:35 | WARNING | reqHistoricalData: Timeout for Stock(conId=9939, symbol='MU', exchange='SMART', primaryExchange='NASDAQ', currency='USD', localSymbol='MU', tradingClass='NMS')
2026-07-08 15:34:35 | ERROR   | Error 366, reqId 2229: No historical data query found for ticker id:2229, contract: Stock(conId=9939, symbol='MU', exchange='SMART', primaryExchange='NASDAQ', currency='USD', localSymbol='MU', tradingClass='NMS')
2026-07-08 15:35:35 | WARNING | reqHistoricalData: Timeout for Stock(conId=895507567, symbol='RAM', exchange='SMART', primaryExchange='BATS', currency='USD', localSymbol='RAM', tradingClass='RAM')
2026-07-08 15:35:35 | ERROR   | Error 366, reqId 2230: No historical data query found for ticker id:2230, contract: Stock(conId=895507567, symbol='RAM', exchange='SMART', primaryExchange='BATS', currency='USD', localSymbol='RAM', tradingClass='RAM')
2026-07-08 15:36:35 | WARNING | reqHistoricalData: Timeout for Stock(conId=854072548, symbol='SOXS', exchange='SMART', primaryExchange='ARCA', currency='USD', localSymbol='SOXS', tradingClass='SOXS')
2026-07-08 15:36:35 | ERROR   | Error 366, reqId 2231: No historical data query found for ticker id:2231, contract: Stock(conId=854072548, symbol='SOXS', exchange='SMART', primaryExchange='ARCA', currency='USD', localSymbol='SOXS', tradingClass='SOXS')
2026-07-08 15:38:05 | WARNING | reqHistoricalData: Timeout for Stock(conId=870556708, symbol='DRAM', exchange='SMART', primaryExchange='BATS', currency='USD', localSymbol='DRAM', tradingClass='DRAM')
2026-07-08 15:38:05 | ERROR   | Error 366, reqId 2232: No historical data query found for ticker id:2232, contract: Stock(conId=870556708, symbol='DRAM', exchange='SMART', primaryExchange='BATS', currency='USD', localSymbol='DRAM', tradingClass='DRAM')
2026-07-08 15:39:05 | WARNING | reqHistoricalData: Timeout for Stock(conId=9939, symbol='MU', exchange='SMART', primaryExchange='NASDAQ', currency='USD', localSymbol='MU', tradingClass='NMS')
2026-07-08 15:39:05 | ERROR   | Error 366, reqId 2233: No historical data query found for ticker id:2233, contract: Stock(conId=9939, symbol='MU', exchange='SMART', primaryExchange='NASDAQ', currency='USD', localSymbol='MU', tradingClass='NMS')
2026-07-08 15:40:05 | WARNING | reqHistoricalData: Timeout for Stock(conId=895507567, symbol='RAM', exchange='SMART', primaryExchange='BATS', currency='USD', localSymbol='RAM', tradingClass='RAM')
2026-07-08 15:40:05 | ERROR   | Error 366, reqId 2234: No historical data query found for ticker id:2234, contract: Stock(conId=895507567, symbol='RAM', exchange='SMART', primaryExchange='BATS', currency='USD', localSymbol='RAM', tradingClass='RAM')
2026-07-08 15:41:05 | WARNING | reqHistoricalData: Timeout for Stock(conId=854072548, symbol='SOXS', exchange='SMART', primaryExchange='ARCA', currency='USD', localSymbol='SOXS', tradingClass='SOXS')
2026-07-08 15:41:05 | ERROR   | Error 366, reqId 2235: No historical data query found for ticker id:2235, contract: Stock(conId=854072548, symbol='SOXS', exchange='SMART', primaryExchange='ARCA', currency='USD', localSymbol='SOXS', tradingClass='SOXS')
2026-07-08 15:42:35 | WARNING | reqHistoricalData: Timeout for Stock(conId=870556708, symbol='DRAM', exchange='SMART', primaryExchange='BATS', currency='USD', localSymbol='DRAM', tradingClass='DRAM')
2026-07-08 15:42:35 | ERROR   | Error 366, reqId 2236: No historical data query found for ticker id:2236, contract: Stock(conId=870556708, symbol='DRAM', exchange='SMART', primaryExchange='BATS', currency='USD', localSymbol='DRAM', tradingClass='DRAM')
2026-07-08 15:43:35 | WARNING | reqHistoricalData: Timeout for Stock(conId=9939, symbol='MU', exchange='SMART', primaryExchange='NASDAQ', currency='USD', localSymbol='MU', tradingClass='NMS')
2026-07-08 15:43:35 | ERROR   | Error 366, reqId 2237: No historical data query found for ticker id:2237, contract: Stock(conId=9939, symbol='MU', exchange='SMART', primaryExchange='NASDAQ', currency='USD', localSymbol='MU', tradingClass='NMS')
2026-07-08 15:44:35 | WARNING | reqHistoricalData: Timeout for Stock(conId=895507567, symbol='RAM', exchange='SMART', primaryExchange='BATS', currency='USD', localSymbol='RAM', tradingClass='RAM')
2026-07-08 15:44:35 | ERROR   | Error 366, reqId 2238: No historical data query found for ticker id:2238, contract: Stock(conId=895507567, symbol='RAM', exchange='SMART', primaryExchange='BATS', currency='USD', localSymbol='RAM', tradingClass='RAM')
2026-07-08 15:45:35 | WARNING | reqHistoricalData: Timeout for Stock(conId=854072548, symbol='SOXS', exchange='SMART', primaryExchange='ARCA', currency='USD', localSymbol='SOXS', tradingClass='SOXS')
2026-07-08 15:45:35 | ERROR   | Error 366, reqId 2239: No historical data query found for ticker id:2239, contract: Stock(conId=854072548, symbol='SOXS', exchange='SMART', primaryExchange='ARCA', currency='USD', localSymbol='SOXS', tradingClass='SOXS')
2026-07-08 15:47:06 | WARNING | reqHistoricalData: Timeout for Stock(conId=870556708, symbol='DRAM', exchange='SMART', primaryExchange='BATS', currency='USD', localSymbol='DRAM', tradingClass='DRAM')
2026-07-08 15:47:06 | ERROR   | Error 366, reqId 2240: No historical data query found for ticker id:2240, contract: Stock(conId=870556708, symbol='DRAM', exchange='SMART', primaryExchange='BATS', currency='USD', localSymbol='DRAM', tradingClass='DRAM')
2026-07-08 15:48:06 | WARNING | reqHistoricalData: Timeout for Stock(conId=9939, symbol='MU', exchange='SMART', primaryExchange='NASDAQ', currency='USD', localSymbol='MU', tradingClass='NMS')
2026-07-08 15:48:06 | ERROR   | Error 366, reqId 2241: No historical data query found for ticker id:2241, contract: Stock(conId=9939, symbol='MU', exchange='SMART', primaryExchange='NASDAQ', currency='USD', localSymbol='MU', tradingClass='NMS')
2026-07-08 15:49:06 | WARNING | reqHistoricalData: Timeout for Stock(conId=895507567, symbol='RAM', exchange='SMART', primaryExchange='BATS', currency='USD', localSymbol='RAM', tradingClass='RAM')
2026-07-08 15:49:06 | ERROR   | Error 366, reqId 2242: No historical data query found for ticker id:2242, contract: Stock(conId=895507567, symbol='RAM', exchange='SMART', primaryExchange='BATS', currency='USD', localSymbol='RAM', tradingClass='RAM')
2026-07-08 15:50:06 | WARNING | reqHistoricalData: Timeout for Stock(conId=854072548, symbol='SOXS', exchange='SMART', primaryExchange='ARCA', currency='USD', localSymbol='SOXS', tradingClass='SOXS')
2026-07-08 15:50:06 | ERROR   | Error 366, reqId 2243: No historical data query found for ticker id:2243, contract: Stock(conId=854072548, symbol='SOXS', exchange='SMART', primaryExchange='ARCA', currency='USD', localSymbol='SOXS', tradingClass='SOXS')
2026-07-08 15:51:02 | INFO    | position: Position(account='U26942420', contract=Stock(conId=723442707, symbol='GNS', exchange='AMEX', currency='USD', localSymbol='GNS', tradingClass='GNS'), position=1.0, avgCost=0.185136)
2026-07-08 15:51:03 | INFO    | updatePortfolio: PortfolioItem(contract=Stock(conId=723442707, symbol='GNS', right='0', primaryExchange='AMEX', currency='USD', localSymbol='GNS', tradingClass='GNS'), position=1.0, marketPrice=0.1832281, marketValue=0.18, averageCost=0.185136, unrealizedPNL=-0.0, realizedPNL=0.0, account='U26942420')
2026-07-08 15:51:03 | INFO    | Warning 2104, reqId -1: Market data farm connection is OK:usopt.nj
2026-07-08 15:51:03 | INFO    | Warning 2104, reqId -1: Market data farm connection is OK:usfarm.nj
2026-07-08 15:51:03 | INFO    | Warning 2104, reqId -1: Market data farm connection is OK:cafarm
2026-07-08 15:51:03 | INFO    | Warning 2104, reqId -1: Market data farm connection is OK:cashfarm
2026-07-08 15:51:03 | INFO    | Warning 2106, reqId -1: HMDS data farm connection is OK:fundfarm
2026-07-08 15:51:03 | INFO    | Warning 2106, reqId -1: HMDS data farm connection is OK:ushmds
2026-07-08 15:51:04 | INFO    | Warning 2158, reqId -1: Sec-def data farm connection is OK:secdefil
2026-07-08 15:51:04 | INFO    | Warning 2104, reqId -1: Market data farm connection is OK:usfuture
2026-07-08 15:51:04 | INFO    | Warning 2104, reqId -1: Market data farm connection is OK:eufarm
2026-07-08 15:51:04 | INFO    | Warning 2106, reqId -1: HMDS data farm connection is OK:euhmds
2026-07-08 15:51:04 | INFO    | Warning 2104, reqId -1: Market data farm connection is OK:usfarm
2026-07-08 15:51:04 | ERROR   | Error 1102, reqId -1: Connectivity between %SHORT_COMPNAME% and %SHORT_PRODNAME% has been restored - data maintained. Toutes les data farms sont connect\u00e9es: cafarm; cashfarm; usfuture; usopt.nj; usfarm.nj; eufarm; usfarm; euhmds; fundfarm; ushmds; secdefil.
2026-07-08 15:51:05 | ERROR   | Error 322, reqId 2245: Error processing request:-'bX' : cause - Maximum number of account summary requests exceeded; desubscribe to previous request first
2026-07-08 15:56:34 | INFO    | updatePortfolio: PortfolioItem(contract=Stock(conId=723442707, symbol='GNS', right='0', primaryExchange='AMEX', currency='USD', localSymbol='GNS', tradingClass='GNS'), position=1.0, marketPrice=0.1864, marketValue=0.19, averageCost=0.185136, unrealizedPNL=0.0, realizedPNL=0.0, account='U26942420')
