spcx_signal_bot (C++): bridge SPCX 1m real iniciado
[07:40] CUSUM: SPCX SUBIENDO fuerte (+2.15% acumulado) px 160.15
[09:33] CUSUM: SPCX CAYENDO fuerte (-2.21% acumulado) px 157.69
[09:34] SUPERTREND: tendencia SPCX cambio a BAJISTA px 157.00
[10:34] CUSUM: SPCX CAYENDO fuerte (-3.78% acumulado) px 151.84
[10:48] DONCHIAN: SPCX rompe minimo del dia px 150.50 < 150.55
[15:54] CUSUM: SPCX CAYENDO fuerte (-2.23% acumulado) px 149.48
[15:54] DONCHIAN: SPCX rompe minimo del dia px 149.48 < 150.07
[04:09] CUSUM: SPCX SUBIENDO fuerte (+2.04% acumulado) px 151.87
[04:09] SUPERTREND: tendencia SPCX cambio a ALCISTA px 151.87
[05:10] CUSUM: SPCX CAYENDO fuerte (-2.24% acumulado) px 149.13
[08:08] CUSUM: SPCX SUBIENDO fuerte (+2.05% acumulado) px 151.44
[09:49] CUSUM: SPCX CAYENDO fuerte (-2.45% acumulado) px 148.98
[11:44] CUSUM: SPCX CAYENDO fuerte (-2.30% acumulado) px 148.44
[11:44] SUPERTREND: tendencia SPCX cambio a BAJISTA px 148.44
[11:48] DONCHIAN: SPCX rompe minimo del dia px 147.69 < 148.01
[13:56] CUSUM: SPCX CAYENDO fuerte (-2.45% acumulado) px 146.34
[13:56] DONCHIAN: SPCX rompe minimo del dia px 146.34 < 147.15
[15:59] CUSUM: SPCX SUBIENDO fuerte (+2.11% acumulado) px 148.36
[15:59] SUPERTREND: tendencia SPCX cambio a ALCISTA px 148.36
