2026-07-08 23:00:57 | SPCX alza | CUSUM: subiendo fuerte +5.01% px 159.31
2026-07-08 23:00:57 | SPCX alza | CUSUM: subiendo fuerte +7.68% px 168.74
2026-07-08 23:00:57 | SPCX caida | CUSUM: cayendo fuerte -5.13% px 167.46
2026-07-08 23:00:57 | SPCX caida | CUSUM: cayendo fuerte -5.23% px 161.75
2026-07-08 23:00:57 | SPCX tendencia | Supertrend: tendencia BAJISTA px 159.43
2026-07-08 23:00:57 | SPCX alza | CUSUM: subiendo fuerte +3.98% px 164.47
2026-07-08 23:00:57 | SPCX alza | CUSUM: subiendo fuerte +8.75% px 166.90
2026-07-08 23:00:57 | SPCX alza | CUSUM: subiendo fuerte +2.81% px 170.00
2026-07-08 23:00:57 | SPCX tendencia | Supertrend: tendencia ALCISTA px 171.20
2026-07-08 23:00:57 | SPCX caida | CUSUM: cayendo fuerte -2.03% px 168.96
2026-07-08 23:00:57 | SPCX alza | CUSUM: subiendo fuerte +2.05% px 170.70
2026-07-08 23:00:57 | SPCX alza | CUSUM: subiendo fuerte +3.12% px 174.59
2026-07-08 23:00:57 | SPCX breakout | Donchian: rompe maximo del dia px 174.59
2026-07-08 23:00:57 | SPCX caida | CUSUM: cayendo fuerte -2.99% px 169.79
2026-07-08 23:00:57 | SPCX alza | CUSUM: subiendo fuerte +2.33% px 173.79
2026-07-08 23:00:57 | SPCX breakout | Donchian: rompe maximo del dia px 177.55
2026-07-08 23:00:57 | SPCX alza | CUSUM: subiendo fuerte +3.09% px 179.24
2026-07-08 23:00:57 | SPCX breakout | Donchian: rompe maximo del dia px 179.69
2026-07-08 23:00:57 | SPCX alza | CUSUM: subiendo fuerte +3.51% px 183.76
2026-07-08 23:00:57 | SPCX alza | CUSUM: subiendo fuerte +2.64% px 187.34
2026-07-08 23:00:58 | SPCX breakout | Donchian: rompe maximo del dia px 188.94
2026-07-08 23:00:58 | SPCX alza | CUSUM: subiendo fuerte +5.20% px 191.34
2026-07-08 23:00:58 | SPCX alza | CUSUM: subiendo fuerte +2.25% px 194.46
2026-07-08 23:00:58 | SPCX breakout | Donchian: rompe maximo del dia px 196.14
2026-07-08 23:00:58 | SPCX alza | CUSUM: subiendo fuerte +2.10% px 198.58
2026-07-08 23:00:58 | SPCX breakout | Donchian: rompe maximo del dia px 198.87
2026-07-08 23:00:58 | SPCX breakout | Donchian: rompe maximo del dia px 200.84
2026-07-08 23:00:58 | SPCX breakout | Donchian: rompe maximo del dia px 212.40
2026-07-08 23:00:58 | SPCX alza | CUSUM: subiendo fuerte +7.50% px 213.41
2026-07-08 23:00:59 | SPCX caida | CUSUM: cayendo fuerte -2.26% px 209.63
2026-07-08 23:00:59 | SPCX tendencia | Supertrend: tendencia BAJISTA px 206.13
2026-07-08 23:00:59 | SPCX caida | CUSUM: cayendo fuerte -3.33% px 204.97
2026-07-08 23:00:59 | SPCX caida | CUSUM: cayendo fuerte -2.25% px 200.40
2026-07-08 23:00:59 | SPCX breakout | Donchian: rompe maximo del dia px 215.81
2026-07-08 23:00:59 | SPCX tendencia | Supertrend: tendencia ALCISTA px 216.50
2026-07-08 23:00:59 | SPCX alza | CUSUM: subiendo fuerte +10.72% px 219.74
2026-07-08 23:00:59 | SPCX caida | CUSUM: cayendo fuerte -5.30% px 208.40
2026-07-08 23:00:59 | SPCX alza | CUSUM: subiendo fuerte +3.85% px 216.57
2026-07-08 23:00:59 | SPCX caida | CUSUM: cayendo fuerte -2.78% px 211.61
2026-07-08 23:00:59 | SPCX caida | CUSUM: cayendo fuerte -2.59% px 209.03
2026-07-08 23:00:59 | SPCX tendencia | Supertrend: tendencia BAJISTA px 206.94
2026-07-08 23:00:59 | SPCX caida | CUSUM: cayendo fuerte -4.97% px 200.09
2026-07-08 23:00:59 | SPCX alza | CUSUM: subiendo fuerte +3.18% px 201.98
2026-07-08 23:00:59 | SPCX tendencia | Supertrend: tendencia ALCISTA px 207.60
2026-07-08 23:00:59 | SPCX alza | CUSUM: subiendo fuerte +2.33% px 206.74
2026-07-08 23:00:59 | SPCX alza | CUSUM: subiendo fuerte +2.09% px 207.80
2026-07-08 23:00:59 | SPCX caida | CUSUM: cayendo fuerte -2.06% px 206.49
2026-07-08 23:00:59 | SPCX tendencia | Supertrend: tendencia BAJISTA px 204.02
2026-07-08 23:00:59 | SPCX alza | CUSUM: subiendo fuerte +2.25% px 208.23
2026-07-08 23:01:00 | SPCX tendencia | Supertrend: tendencia ALCISTA px 209.35
2026-07-08 23:01:00 | SPCX breakout | Donchian: rompe maximo del dia px 211.34
2026-07-08 23:01:00 | SPCX caida | CUSUM: cayendo fuerte -4.38% px 203.40
2026-07-08 23:01:00 | SPCX caida | CUSUM: cayendo fuerte -5.38% px 192.75
2026-07-08 23:01:00 | SPCX alza | CUSUM: subiendo fuerte +3.47% px 194.36
2026-07-08 23:01:00 | SPCX alza | CUSUM: subiendo fuerte +2.51% px 198.54
2026-07-08 23:01:00 | SPCX alza | CUSUM: subiendo fuerte +2.36% px 198.69
2026-07-08 23:01:00 | SPCX caida | CUSUM: cayendo fuerte -2.65% px 194.66
2026-07-08 23:01:00 | SPCX alza | CUSUM: subiendo fuerte +2.02% px 194.39
2026-07-08 23:01:00 | SPCX caida | CUSUM: cayendo fuerte -3.16% px 189.94
2026-07-08 23:01:00 | SPCX alza | CUSUM: subiendo fuerte +2.21% px 194.18
2026-07-08 23:01:00 | SPCX caida | CUSUM: cayendo fuerte -2.21% px 190.54
2026-07-08 23:01:00 | SPCX caida | CUSUM: cayendo fuerte -2.23% px 187.69
2026-07-08 23:01:00 | SPCX alza | CUSUM: subiendo fuerte +12.30% px 176.83
2026-07-08 23:01:00 | SPCX alza | CUSUM: subiendo fuerte +4.28% px 179.73
2026-07-08 23:01:00 | SPCX alza | CUSUM: subiendo fuerte +2.11% px 182.46
2026-07-08 23:01:00 | SPCX tendencia | Supertrend: tendencia ALCISTA px 182.10
2026-07-08 23:01:00 | SPCX breakout | Donchian: rompe maximo del dia px 189.86
2026-07-08 23:01:00 | SPCX caida | CUSUM: cayendo fuerte -3.80% px 182.78
2026-07-08 23:01:00 | SPCX tendencia | Supertrend: tendencia BAJISTA px 181.52
2026-07-08 23:01:00 | SPCX caida | CUSUM: cayendo fuerte -2.23% px 179.55
2026-07-08 23:01:00 | SPCX caida | CUSUM: cayendo fuerte -2.09% px 175.83
2026-07-08 23:01:00 | SPCX alza | CUSUM: subiendo fuerte +2.03% px 177.70
2026-07-08 23:01:00 | SPCX tendencia | Supertrend: tendencia ALCISTA px 177.81
2026-07-08 23:01:01 | SPCX caida | CUSUM: cayendo fuerte -2.50% px 173.94
2026-07-08 23:01:01 | SPCX tendencia | Supertrend: tendencia BAJISTA px 171.33
2026-07-08 23:01:01 | SPCX caida | CUSUM: cayendo fuerte -4.53% px 166.24
2026-07-08 23:01:01 | SPCX caida | CUSUM: cayendo fuerte -2.03% px 166.03
2026-07-08 23:01:01 | SPCX caida | CUSUM: cayendo fuerte -2.36% px 162.77
2026-07-08 23:01:01 | SPCX breakdown | Donchian: rompe minimo del dia px 159.21
2026-07-08 23:01:01 | SPCX caida | CUSUM: cayendo fuerte -4.16% px 156.14
2026-07-08 23:01:01 | SPCX alza | CUSUM: subiendo fuerte +2.01% px 155.73
2026-07-08 23:01:01 | SPCX caida | CUSUM: cayendo fuerte -4.35% px 151.19
2026-07-08 23:01:01 | SPCX caida | CUSUM: cayendo fuerte -2.25% px 147.94
2026-07-08 23:01:01 | SPCX tendencia | Supertrend: tendencia ALCISTA px 152.15
2026-07-08 23:01:01 | SPCX alza | CUSUM: subiendo fuerte +3.36% px 152.85
2026-07-08 23:01:01 | SPCX breakout | Donchian: rompe maximo del dia px 158.03
2026-07-08 23:01:01 | SPCX caida | CUSUM: cayendo fuerte -2.64% px 154.56
2026-07-08 23:01:01 | SPCX tendencia | Supertrend: tendencia BAJISTA px 151.05
2026-07-08 23:01:01 | SPCX caida | CUSUM: cayendo fuerte -3.33% px 149.50
2026-07-08 23:01:01 | SPCX alza | CUSUM: subiendo fuerte +5.28% px 155.68
2026-07-08 23:01:01 | SPCX tendencia | Supertrend: tendencia ALCISTA px 159.47
2026-07-08 23:01:01 | SPCX alza | CUSUM: subiendo fuerte +3.01% px 159.35
2026-07-08 23:01:01 | SPCX breakout | Donchian: rompe maximo del dia px 161.67
2026-07-08 23:01:02 | SPCX alza | CUSUM: subiendo fuerte +4.24% px 163.75
2026-07-08 23:01:02 | SPCX caida | CUSUM: cayendo fuerte -2.08% px 161.87
2026-07-08 23:01:02 | SPCX tendencia | Supertrend: tendencia BAJISTA px 159.20
2026-07-08 23:01:02 | SPCX caida | CUSUM: cayendo fuerte -2.33% px 158.67
2026-07-08 23:01:02 | SPCX caida | CUSUM: cayendo fuerte -2.20% px 156.06
2026-07-08 23:01:02 | SPCX alza | CUSUM: subiendo fuerte +2.04% px 158.34
2026-07-08 23:01:02 | SPCX caida | CUSUM: cayendo fuerte -2.17% px 155.20
2026-07-08 23:01:02 | SPCX alza | CUSUM: subiendo fuerte +2.13% px 157.90
2026-07-08 23:01:02 | SPCX alza | CUSUM: subiendo fuerte +2.11% px 157.44
2026-07-08 23:01:02 | SPCX caida | CUSUM: cayendo fuerte -2.11% px 154.41
2026-07-08 23:01:02 | SPCX caida | CUSUM: cayendo fuerte -2.06% px 151.83
2026-07-08 23:01:02 | SPCX alza | CUSUM: subiendo fuerte +4.27% px 157.47
2026-07-08 23:01:02 | SPCX tendencia | Supertrend: tendencia ALCISTA px 158.20
2026-07-08 23:01:02 | SPCX alza | CUSUM: subiendo fuerte +2.61% px 159.21
2026-07-08 23:01:02 | SPCX caida | CUSUM: cayendo fuerte -2.10% px 156.41
2026-07-08 23:01:02 | SPCX alza | CUSUM: subiendo fuerte +2.16% px 157.64
2026-07-08 23:01:02 | SPCX caida | CUSUM: cayendo fuerte -2.17% px 154.99
2026-07-08 23:01:02 | SPCX tendencia | Supertrend: tendencia BAJISTA px 153.21
2026-07-08 23:01:02 | SPCX caida | CUSUM: cayendo fuerte -3.42% px 153.82
2026-07-08 23:01:02 | SPCX alza | CUSUM: subiendo fuerte +2.11% px 156.41
2026-07-08 23:01:02 | SPCX tendencia | Supertrend: tendencia ALCISTA px 156.41
2026-07-08 23:01:02 | SPCX alza | CUSUM: subiendo fuerte +2.01% px 157.31
2026-07-08 23:01:02 | SPCX alza | CUSUM: subiendo fuerte +2.06% px 160.54
2026-07-08 23:01:02 | SPCX breakout | Donchian: rompe maximo del dia px 165.49
2026-07-08 23:01:03 | SPCX caida | CUSUM: cayendo fuerte -3.84% px 159.25
2026-07-08 23:01:03 | SPCX tendencia | Supertrend: tendencia BAJISTA px 157.97
2026-07-08 23:01:03 | SPCX caida | CUSUM: cayendo fuerte -3.76% px 154.02
2026-07-08 23:01:03 | SPCX breakdown | Donchian: rompe minimo del dia px 152.66
2026-07-08 23:01:03 | SPCX caida | CUSUM: cayendo fuerte -2.23% px 151.73
2026-07-08 23:01:03 | SPCX breakdown | Donchian: rompe minimo del dia px 150.00
2026-07-08 23:01:03 | SPCX alza | CUSUM: subiendo fuerte +2.04% px 153.09
2026-07-08 23:01:03 | SPCX caida | CUSUM: cayendo fuerte -2.13% px 149.87
2026-07-08 23:01:03 | SPCX tendencia | Supertrend: tendencia ALCISTA px 152.00
2026-07-08 23:01:03 | SPCX breakdown | Donchian: rompe minimo del dia px 149.37
2026-07-08 23:01:03 | SPCX caida | CUSUM: cayendo fuerte -9.21% px 149.31
2026-07-08 23:01:03 | SPCX alza | CUSUM: subiendo fuerte +3.71% px 154.95
2026-07-08 23:01:03 | SPCX alza | CUSUM: subiendo fuerte +2.16% px 158.27
2026-07-08 23:01:03 | SPCX caida | CUSUM: cayendo fuerte -2.14% px 154.93
2026-07-08 23:01:03 | SPCX tendencia | Supertrend: tendencia BAJISTA px 153.54
2026-07-08 23:01:03 | SPCX caida | CUSUM: cayendo fuerte -2.25% px 152.25
2026-07-08 23:01:03 | SPCX alza | CUSUM: subiendo fuerte +2.03% px 153.70
2026-07-08 23:01:03 | SPCX caida | CUSUM: cayendo fuerte -2.09% px 152.39
2026-07-08 23:01:03 | SPCX tendencia | Supertrend: tendencia ALCISTA px 153.18
2026-07-08 23:01:03 | SPCX alza | CUSUM: subiendo fuerte +2.02% px 155.13
2026-07-08 23:01:04 | SPCX breakout | Donchian: rompe maximo del dia px 155.97
2026-07-08 23:01:04 | SPCX tendencia | Supertrend: tendencia BAJISTA px 155.43
2026-07-08 23:01:04 | SPCX alza | CUSUM: subiendo fuerte +2.18% px 158.41
2026-07-08 23:01:04 | SPCX breakout | Donchian: rompe maximo del dia px 158.41
2026-07-08 23:01:04 | SPCX caida | CUSUM: cayendo fuerte -3.64% px 153.43
2026-07-08 23:01:04 | SPCX alza | CUSUM: subiendo fuerte +2.09% px 156.58
2026-07-08 23:01:04 | SPCX alza | CUSUM: subiendo fuerte +2.14% px 159.24
2026-07-08 23:01:04 | SPCX tendencia | Supertrend: tendencia ALCISTA px 159.24
2026-07-08 23:01:04 | SPCX breakout | Donchian: rompe maximo del dia px 160.04
2026-07-08 23:01:04 | SPCX breakout | Donchian: rompe maximo del dia px 160.81
2026-07-08 23:01:04 | SPCX alza | CUSUM: subiendo fuerte +2.11% px 161.72
2026-07-08 23:01:04 | SPCX breakout | Donchian: rompe maximo del dia px 164.64
2026-07-08 23:01:04 | SPCX alza | CUSUM: subiendo fuerte +2.17% px 165.26
2026-07-08 23:01:04 | SPCX caida | CUSUM: cayendo fuerte -2.02% px 162.49
2026-07-08 23:01:04 | SPCX tendencia | Supertrend: tendencia BAJISTA px 162.11
2026-07-08 23:01:04 | SPCX tendencia | Supertrend: tendencia ALCISTA px 163.37
2026-07-08 23:01:04 | SPCX breakout | Donchian: rompe maximo del dia px 164.51
2026-07-08 23:01:05 | SPCX tendencia | Supertrend: tendencia BAJISTA px 162.55
2026-07-08 23:01:05 | SPCX caida | CUSUM: cayendo fuerte -2.46% px 160.60
2026-07-08 23:01:05 | SPCX breakout | Donchian: rompe maximo del dia px 165.18
2026-07-08 23:01:05 | SPCX alza | CUSUM: subiendo fuerte +2.53% px 164.68
2026-07-08 23:01:05 | SPCX breakout | Donchian: rompe maximo del dia px 167.12
2026-07-08 23:01:05 | SPCX alza | CUSUM: subiendo fuerte +4.16% px 171.38
2026-07-08 23:01:05 | SPCX caida | CUSUM: cayendo fuerte -2.01% px 168.82
2026-07-08 23:01:05 | SPCX alza | CUSUM: subiendo fuerte +2.04% px 171.69
2026-07-08 23:01:05 | SPCX breakout | Donchian: rompe maximo del dia px 171.96
2026-07-08 23:01:05 | SPCX alza | CUSUM: subiendo fuerte +2.01% px 172.47
2026-07-08 23:01:05 | SPCX tendencia | Supertrend: tendencia BAJISTA px 171.53
2026-07-08 23:01:05 | SPCX breakout | Donchian: rompe maximo del dia px 173.97
2026-07-08 23:01:05 | SPCX alza | CUSUM: subiendo fuerte +2.09% px 174.79
2026-07-08 23:01:05 | SPCX breakout | Donchian: rompe maximo del dia px 175.19
2026-07-08 23:01:05 | SPCX tendencia | Supertrend: tendencia BAJISTA px 173.58
2026-07-08 23:01:05 | SPCX caida | CUSUM: cayendo fuerte -2.12% px 172.44
2026-07-08 23:01:05 | SPCX caida | CUSUM: cayendo fuerte -2.02% px 170.92
2026-07-08 23:01:05 | SPCX breakdown | Donchian: rompe minimo del dia px 168.97
2026-07-08 23:01:05 | SPCX caida | CUSUM: cayendo fuerte -5.32% px 163.06
2026-07-08 23:01:05 | SPCX breakdown | Donchian: rompe minimo del dia px 160.65
2026-07-08 23:01:05 | SPCX caida | CUSUM: cayendo fuerte -2.21% px 159.76
2026-07-08 23:01:06 | SPCX breakdown | Donchian: rompe minimo del dia px 158.11
2026-07-08 23:01:06 | SPCX alza | CUSUM: subiendo fuerte +2.02% px 161.34
2026-07-08 23:01:06 | SPCX caida | CUSUM: cayendo fuerte -2.37% px 159.27
2026-07-08 23:01:06 | SPCX breakdown | Donchian: rompe minimo del dia px 157.32
2026-07-08 23:01:06 | SPCX caida | CUSUM: cayendo fuerte -2.54% px 155.35
2026-07-08 23:01:06 | SPCX tendencia | Supertrend: tendencia ALCISTA px 158.32
2026-07-08 23:01:06 | SPCX alza | CUSUM: subiendo fuerte +2.01% px 158.50
2026-07-08 23:01:06 | SPCX breakout | Donchian: rompe maximo del dia px 159.06
2026-07-08 23:01:06 | SPCX caida | CUSUM: cayendo fuerte -2.21% px 156.96
2026-07-08 23:01:06 | SPCX tendencia | Supertrend: tendencia BAJISTA px 157.30
2026-07-08 23:01:06 | SPCX breakout | Donchian: rompe maximo del dia px 160.69
2026-07-08 23:01:06 | SPCX caida | CUSUM: cayendo fuerte -2.01% px 157.76
2026-07-08 23:01:06 | SPCX caida | CUSUM: cayendo fuerte -2.10% px 156.50
2026-07-08 23:01:06 | SPCX breakdown | Donchian: rompe minimo del dia px 155.88
2026-07-08 23:01:06 | SPCX alza | CUSUM: subiendo fuerte +2.04% px 159.09
2026-07-08 23:01:06 | SPCX tendencia | Supertrend: tendencia ALCISTA px 159.29
2026-07-08 23:01:06 | SPCX alza | CUSUM: subiendo fuerte +2.21% px 161.72
2026-07-08 23:01:06 | SPCX breakout | Donchian: rompe maximo del dia px 161.72
2026-07-08 23:01:06 | SPCX alza | CUSUM: subiendo fuerte +2.01% px 163.29
2026-07-08 23:01:07 | SPCX breakout | Donchian: rompe maximo del dia px 163.29
2026-07-08 23:01:07 | SPCX breakout | Donchian: rompe maximo del dia px 163.99
2026-07-08 23:01:07 | SPCX breakout | Donchian: rompe maximo del dia px 164.84
2026-07-08 23:01:07 | SPCX tendencia | Supertrend: tendencia BAJISTA px 163.23
2026-07-08 23:01:07 | SPCX breakout | Donchian: rompe maximo del dia px 165.07
2026-07-08 23:01:07 | SPCX alza | CUSUM: subiendo fuerte +2.71% px 167.27
2026-07-08 23:01:07 | SPCX tendencia | Supertrend: tendencia ALCISTA px 167.27
2026-07-08 23:01:07 | SPCX caida | CUSUM: cayendo fuerte -2.56% px 163.05
2026-07-08 23:01:07 | SPCX tendencia | Supertrend: tendencia BAJISTA px 162.25
2026-07-08 23:01:07 | SPCX breakdown | Donchian: rompe minimo del dia px 161.90
2026-07-08 23:01:07 | SPCX caida | CUSUM: cayendo fuerte -2.02% px 160.03
2026-07-08 23:01:07 | SPCX breakdown | Donchian: rompe minimo del dia px 158.58
2026-07-08 23:01:07 | SPCX caida | CUSUM: cayendo fuerte -2.28% px 156.42
2026-07-08 23:01:07 | SPCX alza | CUSUM: subiendo fuerte +2.43% px 159.04
2026-07-08 23:01:07 | SPCX tendencia | Supertrend: tendencia ALCISTA px 159.04
2026-07-08 23:01:23 | SPCX alza | CUSUM: subiendo fuerte +2.15% px 160.15
2026-07-08 23:01:23 | SPCX caida | CUSUM: cayendo fuerte -2.21% px 157.69
2026-07-08 23:01:23 | SPCX tendencia | Supertrend: tendencia BAJISTA px 157.00
2026-07-08 23:01:23 | SPCX caida | CUSUM: cayendo fuerte -3.78% px 151.84
2026-07-08 23:01:24 | SPCX breakdown | Donchian: rompe minimo del dia px 150.50
2026-07-08 23:01:24 | SPCX caida | CUSUM: cayendo fuerte -2.23% px 149.48
2026-07-08 23:01:24 | SPCX breakdown | Donchian: rompe minimo del dia px 149.48
2026-07-08 23:01:24 | SPCX alza | CUSUM: subiendo fuerte +2.04% px 151.87
2026-07-08 23:01:24 | SPCX tendencia | Supertrend: tendencia ALCISTA px 151.87
2026-07-08 23:01:24 | SPCX caida | CUSUM: cayendo fuerte -2.24% px 149.13
2026-07-08 23:01:24 | SPCX alza | CUSUM: subiendo fuerte +2.05% px 151.44
2026-07-08 23:01:24 | SPCX caida | CUSUM: cayendo fuerte -2.45% px 148.98
2026-07-08 23:01:24 | SPCX caida | CUSUM: cayendo fuerte -2.30% px 148.44
2026-07-08 23:01:24 | SPCX tendencia | Supertrend: tendencia BAJISTA px 148.44
2026-07-08 23:01:25 | SPCX breakdown | Donchian: rompe minimo del dia px 147.69
2026-07-08 23:01:25 | SPCX caida | CUSUM: cayendo fuerte -2.45% px 146.34
2026-07-08 23:01:25 | SPCX breakdown | Donchian: rompe minimo del dia px 146.34
2026-07-08 23:01:25 | SPCX alza | CUSUM: subiendo fuerte +2.11% px 148.36
2026-07-08 23:01:25 | SPCX tendencia | Supertrend: tendencia ALCISTA px 148.36
