2026-07-08 23:00:49 | TSLA alza | CUSUM: subiendo fuerte +2.03% px 399.32
2026-07-08 23:00:49 | TSLA tendencia | Supertrend: tendencia BAJISTA px 396.37
2026-07-08 23:00:49 | TSLA alza | CUSUM: subiendo fuerte +2.01% px 403.35
2026-07-08 23:00:49 | TSLA breakout | Donchian: rompe maximo del dia px 403.78
2026-07-08 23:00:49 | TSLA breakout | Donchian: rompe maximo del dia px 404.62
2026-07-08 23:00:49 | TSLA alza | CUSUM: subiendo fuerte +2.12% px 408.05
2026-07-08 23:00:49 | TSLA breakout | Donchian: rompe maximo del dia px 408.66
2026-07-08 23:00:49 | TSLA breakout | Donchian: rompe maximo del dia px 412.35
2026-07-08 23:00:49 | TSLA tendencia | Supertrend: tendencia BAJISTA px 408.07
2026-07-08 23:00:49 | TSLA tendencia | Supertrend: tendencia ALCISTA px 410.20
2026-07-08 23:00:49 | TSLA breakout | Donchian: rompe maximo del dia px 412.81
2026-07-08 23:00:49 | TSLA alza | CUSUM: subiendo fuerte +2.12% px 415.10
2026-07-08 23:00:49 | TSLA breakout | Donchian: rompe maximo del dia px 416.27
2026-07-08 23:00:49 | TSLA tendencia | Supertrend: tendencia BAJISTA px 411.40
2026-07-08 23:00:49 | TSLA caida | CUSUM: cayendo fuerte -2.03% px 409.24
2026-07-08 23:00:49 | TSLA breakdown | Donchian: rompe minimo del dia px 404.22
2026-07-08 23:00:49 | TSLA caida | CUSUM: cayendo fuerte -2.11% px 401.25
2026-07-08 23:00:50 | TSLA breakdown | Donchian: rompe minimo del dia px 392.00
2026-07-08 23:00:50 | TSLA caida | CUSUM: cayendo fuerte -2.63% px 390.85
2026-07-08 23:00:50 | TSLA alza | CUSUM: subiendo fuerte +2.00% px 392.65
2026-07-08 23:00:50 | TSLA tendencia | Supertrend: tendencia ALCISTA px 397.26
2026-07-08 23:00:50 | TSLA tendencia | Supertrend: tendencia BAJISTA px 395.88
2026-07-08 23:00:50 | TSLA breakdown | Donchian: rompe minimo del dia px 390.20
2026-07-08 23:00:50 | TSLA caida | CUSUM: cayendo fuerte -2.01% px 389.65
2026-07-08 23:00:50 | TSLA tendencia | Supertrend: tendencia ALCISTA px 393.48
2026-07-08 23:00:50 | TSLA alza | CUSUM: subiendo fuerte +2.12% px 396.90
2026-07-08 23:00:50 | TSLA breakout | Donchian: rompe maximo del dia px 396.90
2026-07-08 23:00:50 | TSLA caida | CUSUM: cayendo fuerte -2.10% px 388.65
2026-07-08 23:00:50 | TSLA breakdown | Donchian: rompe minimo del dia px 387.84
2026-07-08 23:00:50 | TSLA tendencia | Supertrend: tendencia BAJISTA px 386.95
2026-07-08 23:00:50 | TSLA breakdown | Donchian: rompe minimo del dia px 382.80
2026-07-08 23:00:50 | TSLA caida | CUSUM: cayendo fuerte -2.00% px 380.95
2026-07-08 23:00:50 | TSLA breakdown | Donchian: rompe minimo del dia px 380.95
2026-07-08 23:00:50 | TSLA tendencia | Supertrend: tendencia ALCISTA px 407.47
2026-07-08 23:00:50 | TSLA caida | CUSUM: cayendo fuerte -6.90% px 380.31
2026-07-08 23:00:50 | TSLA alza | CUSUM: subiendo fuerte +2.66% px 388.30
2026-07-08 23:00:50 | TSLA tendencia | Supertrend: tendencia BAJISTA px 385.05
2026-07-08 23:00:50 | TSLA caida | CUSUM: cayendo fuerte -2.22% px 381.20
2026-07-08 23:00:50 | TSLA breakout | Donchian: rompe maximo del dia px 390.32
2026-07-08 23:00:50 | TSLA alza | CUSUM: subiendo fuerte +2.32% px 389.92
2026-07-08 23:00:50 | TSLA tendencia | Supertrend: tendencia ALCISTA px 392.22
2026-07-08 23:00:50 | TSLA breakout | Donchian: rompe maximo del dia px 392.22
2026-07-08 23:00:51 | TSLA breakout | Donchian: rompe maximo del dia px 395.17
2026-07-08 23:00:51 | TSLA alza | CUSUM: subiendo fuerte +2.12% px 398.28
2026-07-08 23:00:51 | TSLA breakout | Donchian: rompe maximo del dia px 400.68
2026-07-08 23:00:51 | TSLA breakout | Donchian: rompe maximo del dia px 401.94
2026-07-08 23:00:51 | TSLA breakout | Donchian: rompe maximo del dia px 402.39
2026-07-08 23:00:51 | TSLA tendencia | Supertrend: tendencia BAJISTA px 398.38
2026-07-08 23:00:51 | TSLA breakdown | Donchian: rompe minimo del dia px 395.14
2026-07-08 23:00:51 | TSLA caida | CUSUM: cayendo fuerte -2.42% px 394.55
2026-07-08 23:00:51 | TSLA breakdown | Donchian: rompe minimo del dia px 393.33
2026-07-08 23:00:51 | TSLA caida | CUSUM: cayendo fuerte -2.28% px 390.85
2026-07-08 23:00:51 | TSLA breakdown | Donchian: rompe minimo del dia px 390.85
2026-07-08 23:00:51 | TSLA alza | CUSUM: subiendo fuerte +2.91% px 398.83
2026-07-08 23:00:51 | TSLA tendencia | Supertrend: tendencia ALCISTA px 400.87
2026-07-08 23:00:51 | TSLA breakout | Donchian: rompe maximo del dia px 404.47
2026-07-08 23:00:51 | TSLA breakout | Donchian: rompe maximo del dia px 405.33
2026-07-08 23:00:51 | TSLA alza | CUSUM: subiendo fuerte +2.13% px 406.44
2026-07-08 23:00:51 | TSLA alza | CUSUM: subiendo fuerte +2.01% px 413.38
2026-07-08 23:00:51 | TSLA breakout | Donchian: rompe maximo del dia px 413.38
2026-07-08 23:00:51 | TSLA breakout | Donchian: rompe maximo del dia px 414.57
2026-07-08 23:00:51 | TSLA tendencia | Supertrend: tendencia BAJISTA px 408.85
2026-07-08 23:00:51 | TSLA breakdown | Donchian: rompe minimo del dia px 407.76
2026-07-08 23:00:51 | TSLA caida | CUSUM: cayendo fuerte -2.36% px 405.22
2026-07-08 23:00:51 | TSLA tendencia | Supertrend: tendencia ALCISTA px 407.23
2026-07-08 23:00:51 | TSLA tendencia | Supertrend: tendencia BAJISTA px 404.02
2026-07-08 23:00:51 | TSLA breakdown | Donchian: rompe minimo del dia px 401.76
2026-07-08 23:00:52 | TSLA: BUY NOW | COMPRAR TSLA @ 406.00 | target 422.24 (+4%) | floor 410.06 | capitulacion confirmada
2026-07-08 23:00:52 | TSLA alza | CUSUM: subiendo fuerte +2.38% px 410.73
2026-07-08 23:00:52 | TSLA alza | CUSUM: subiendo fuerte +2.06% px 409.92
2026-07-08 23:00:52 | TSLA caida | CUSUM: cayendo fuerte -2.01% px 403.20
2026-07-08 23:00:52 | TSLA tendencia | Supertrend: tendencia ALCISTA px 404.83
2026-07-08 23:00:52 | TSLA: SELL NOW | VENDER TSLA @ 403.72 | target +4% | entrada 406.00 | PnL -0.6%
2026-07-08 23:00:52 | TSLA tendencia | Supertrend: tendencia BAJISTA px 403.64
2026-07-08 23:00:52 | TSLA breakdown | Donchian: rompe minimo del dia px 399.88
2026-07-08 23:00:52 | TSLA caida | CUSUM: cayendo fuerte -2.10% px 398.60
2026-07-08 23:00:52 | TSLA tendencia | Supertrend: tendencia ALCISTA px 404.70
2026-07-08 23:00:52 | TSLA tendencia | Supertrend: tendencia BAJISTA px 400.19
2026-07-08 23:00:52 | TSLA breakdown | Donchian: rompe minimo del dia px 397.49
2026-07-08 23:00:52 | TSLA caida | CUSUM: cayendo fuerte -2.13% px 396.71
2026-07-08 23:00:52 | TSLA tendencia | Supertrend: tendencia ALCISTA px 399.60
2026-07-08 23:00:52 | TSLA breakout | Donchian: rompe maximo del dia px 399.93
2026-07-08 23:00:52 | TSLA caida | CUSUM: cayendo fuerte -2.15% px 391.44
2026-07-08 23:00:52 | TSLA tendencia | Supertrend: tendencia BAJISTA px 391.44
2026-07-08 23:00:52 | TSLA breakdown | Donchian: rompe minimo del dia px 385.42
2026-07-08 23:00:52 | TSLA alza | CUSUM: subiendo fuerte +2.09% px 393.09
2026-07-08 23:00:52 | TSLA tendencia | Supertrend: tendencia ALCISTA px 394.99
2026-07-08 23:00:52 | TSLA alza | CUSUM: subiendo fuerte +2.01% px 399.83
2026-07-08 23:00:52 | TSLA breakout | Donchian: rompe maximo del dia px 400.10
2026-07-08 23:00:52 | TSLA tendencia | Supertrend: tendencia BAJISTA px 394.56
2026-07-08 23:00:52 | TSLA caida | CUSUM: cayendo fuerte -2.03% px 394.10
2026-07-08 23:00:53 | TSLA tendencia | Supertrend: tendencia ALCISTA px 395.98
2026-07-08 23:00:53 | TSLA alza | CUSUM: subiendo fuerte +2.03% px 401.28
2026-07-08 23:00:53 | TSLA breakout | Donchian: rompe maximo del dia px 401.28
2026-07-08 23:00:53 | TSLA alza | CUSUM: subiendo fuerte +2.48% px 409.52
2026-07-08 23:00:53 | TSLA tendencia | Supertrend: tendencia BAJISTA px 402.74
2026-07-08 23:00:53 | TSLA alza | CUSUM: subiendo fuerte +2.11% px 410.41
2026-07-08 23:00:53 | TSLA tendencia | Supertrend: tendencia ALCISTA px 404.35
2026-07-08 23:00:53 | TSLA caida | CUSUM: cayendo fuerte -3.71% px 395.46
2026-07-08 23:00:53 | TSLA tendencia | Supertrend: tendencia BAJISTA px 394.40
2026-07-08 23:00:53 | TSLA tendencia | Supertrend: tendencia ALCISTA px 395.38
2026-07-08 23:00:53 | TSLA caida | CUSUM: cayendo fuerte -2.03% px 389.57
2026-07-08 23:00:53 | TSLA: BUY NOW | COMPRAR TSLA @ 391.84 | target 407.51 (+4%) | floor 395.75 | capitulacion confirmada
2026-07-08 23:00:53 | TSLA tendencia | Supertrend: tendencia BAJISTA px 390.17
2026-07-08 23:00:53 | TSLA caida | CUSUM: cayendo fuerte -2.00% px 384.24
2026-07-08 23:00:53 | TSLA tendencia | Supertrend: tendencia ALCISTA px 383.99
2026-07-08 23:00:53 | TSLA breakout | Donchian: rompe maximo del dia px 384.51
2026-07-08 23:00:53 | TSLA tendencia | Supertrend: tendencia BAJISTA px 382.06
2026-07-08 23:00:53 | TSLA breakdown | Donchian: rompe minimo del dia px 381.34
2026-07-08 23:00:53 | TSLA: SELL NOW | VENDER TSLA @ 380.24 | target +4% | entrada 391.84 | PnL -3.0%
2026-07-08 23:00:53 | TSLA caida | CUSUM: cayendo fuerte -2.16% px 377.39
2026-07-08 23:00:53 | TSLA breakdown | Donchian: rompe minimo del dia px 377.39
2026-07-08 23:00:53 | TSLA tendencia | Supertrend: tendencia BAJISTA px 376.56
2026-07-08 23:00:53 | TSLA breakdown | Donchian: rompe minimo del dia px 373.90
2026-07-08 23:00:53 | TSLA breakdown | Donchian: rompe minimo del dia px 373.14
2026-07-08 23:00:53 | TSLA tendencia | Supertrend: tendencia ALCISTA px 378.12
2026-07-08 23:00:54 | TSLA tendencia | Supertrend: tendencia BAJISTA px 376.21
2026-07-08 23:00:54 | TSLA breakdown | Donchian: rompe minimo del dia px 373.29
2026-07-08 23:00:54 | TSLA caida | CUSUM: cayendo fuerte -2.00% px 371.99
2026-07-08 23:00:54 | TSLA caida | CUSUM: cayendo fuerte -2.23% px 369.70
2026-07-08 23:00:54 | TSLA tendencia | Supertrend: tendencia ALCISTA px 371.49
2026-07-08 23:00:54 | TSLA breakout | Donchian: rompe maximo del dia px 375.70
2026-07-08 23:00:54 | TSLA alza | CUSUM: subiendo fuerte +2.08% px 376.26
2026-07-08 23:00:54 | TSLA breakout | Donchian: rompe maximo del dia px 379.77
2026-07-08 23:00:54 | TSLA alza | CUSUM: subiendo fuerte +2.06% px 383.46
2026-07-08 23:00:54 | TSLA tendencia | Supertrend: tendencia BAJISTA px 381.33
2026-07-08 23:00:54 | TSLA caida | CUSUM: cayendo fuerte -2.18% px 379.12
2026-07-08 23:00:54 | TSLA tendencia | Supertrend: tendencia ALCISTA px 382.82
2026-07-08 23:00:54 | TSLA breakout | Donchian: rompe maximo del dia px 384.18
2026-07-08 23:00:54 | TSLA alza | CUSUM: subiendo fuerte +2.18% px 385.40
2026-07-08 23:00:54 | TSLA alza | CUSUM: subiendo fuerte +3.31% px 397.99
2026-07-08 23:00:54 | TSLA breakout | Donchian: rompe maximo del dia px 397.99
2026-07-08 23:00:54 | TSLA breakout | Donchian: rompe maximo del dia px 400.58
2026-07-08 23:00:54 | TSLA alza | CUSUM: subiendo fuerte +2.06% px 403.10
2026-07-08 23:00:54 | TSLA breakout | Donchian: rompe maximo del dia px 405.39
2026-07-08 23:00:54 | TSLA alza | CUSUM: subiendo fuerte +2.04% px 410.50
2026-07-08 23:00:54 | TSLA breakout | Donchian: rompe maximo del dia px 411.63
2026-07-08 23:00:54 | TSLA tendencia | Supertrend: tendencia BAJISTA px 409.90
2026-07-08 23:00:54 | TSLA breakdown | Donchian: rompe minimo del dia px 408.02
2026-07-08 23:00:54 | TSLA breakdown | Donchian: rompe minimo del dia px 407.42
2026-07-08 23:00:54 | TSLA caida | CUSUM: cayendo fuerte -2.00% px 404.99
2026-07-08 23:00:55 | TSLA breakdown | Donchian: rompe minimo del dia px 403.54
2026-07-08 23:00:55 | TSLA tendencia | Supertrend: tendencia ALCISTA px 409.49
2026-07-08 23:00:55 | TSLA alza | CUSUM: subiendo fuerte +2.08% px 412.01
2026-07-08 23:00:55 | TSLA breakout | Donchian: rompe maximo del dia px 416.79
2026-07-08 23:00:55 | TSLA breakout | Donchian: rompe maximo del dia px 418.09
2026-07-08 23:00:55 | TSLA alza | CUSUM: subiendo fuerte +2.01% px 419.57
2026-07-08 23:00:55 | TSLA breakout | Donchian: rompe maximo del dia px 419.66
2026-07-08 23:00:55 | TSLA tendencia | Supertrend: tendencia BAJISTA px 418.42
2026-07-08 23:00:55 | TSLA caida | CUSUM: cayendo fuerte -2.01% px 415.85
2026-07-08 23:00:55 | TSLA tendencia | Supertrend: tendencia ALCISTA px 418.56
2026-07-08 23:00:55 | TSLA alza | CUSUM: subiendo fuerte +2.11% px 424.74
2026-07-08 23:00:55 | TSLA breakout | Donchian: rompe maximo del dia px 424.74
2026-07-08 23:00:55 | TSLA alza | CUSUM: subiendo fuerte +2.09% px 427.48
2026-07-08 23:00:55 | TSLA breakout | Donchian: rompe maximo del dia px 428.81
2026-07-08 23:00:55 | TSLA caida | CUSUM: cayendo fuerte -2.01% px 423.97
2026-07-08 23:00:55 | TSLA tendencia | Supertrend: tendencia BAJISTA px 423.97
2026-07-08 23:00:55 | TSLA tendencia | Supertrend: tendencia ALCISTA px 424.86
2026-07-08 23:00:55 | TSLA breakout | Donchian: rompe maximo del dia px 427.54
2026-07-08 23:00:55 | TSLA breakout | Donchian: rompe maximo del dia px 430.76
2026-07-08 23:00:55 | TSLA alza | CUSUM: subiendo fuerte +2.01% px 430.96
2026-07-08 23:00:55 | TSLA caida | CUSUM: cayendo fuerte -2.48% px 425.31
2026-07-08 23:00:55 | TSLA tendencia | Supertrend: tendencia BAJISTA px 425.31
2026-07-08 23:00:55 | TSLA caida | CUSUM: cayendo fuerte -6.29% px 399.39
2026-07-08 23:00:56 | TSLA caida | CUSUM: cayendo fuerte -2.06% px 392.35
2026-07-08 23:00:56 | TSLA breakdown | Donchian: rompe minimo del dia px 389.75
2026-07-08 23:00:56 | TSLA tendencia | Supertrend: tendencia ALCISTA px 394.72
2026-07-08 23:00:56 | TSLA alza | CUSUM: subiendo fuerte +2.43% px 399.09
2026-07-08 23:00:56 | TSLA breakout | Donchian: rompe maximo del dia px 399.09
2026-07-08 23:00:56 | TSLA breakout | Donchian: rompe maximo del dia px 399.72
2026-07-08 23:00:56 | TSLA tendencia | Supertrend: tendencia BAJISTA px 397.81
2026-07-08 23:00:56 | TSLA breakdown | Donchian: rompe minimo del dia px 392.74
2026-07-08 23:00:56 | TSLA caida | CUSUM: cayendo fuerte -2.08% px 391.88
2026-07-08 23:00:56 | TSLA tendencia | Supertrend: tendencia ALCISTA px 401.36
2026-07-08 23:00:56 | TSLA alza | CUSUM: subiendo fuerte +3.52% px 405.06
2026-07-08 23:00:56 | TSLA breakout | Donchian: rompe maximo del dia px 407.20
2026-07-08 23:00:56 | TSLA alza | CUSUM: subiendo fuerte +2.01% px 411.99
2026-07-08 23:00:56 | TSLA breakout | Donchian: rompe maximo del dia px 414.83
2026-07-08 23:00:56 | TSLA breakout | Donchian: rompe maximo del dia px 419.45
2026-07-08 23:00:56 | TSLA breakout | Donchian: rompe maximo del dia px 419.62
2026-07-08 23:00:56 | TSLA tendencia | Supertrend: tendencia BAJISTA px 418.34
2026-07-08 23:01:24 | TSLA tendencia | Supertrend: tendencia BAJISTA px 415.96
2026-07-08 23:01:24 | TSLA caida | CUSUM: cayendo fuerte -2.15% px 410.00
2026-07-08 23:01:24 | TSLA breakdown | Donchian: rompe minimo del dia px 406.51
2026-07-08 23:01:24 | TSLA breakdown | Donchian: rompe minimo del dia px 403.96
2026-07-08 23:01:24 | TSLA caida | CUSUM: cayendo fuerte -2.03% px 401.82
2026-07-08 23:01:24 | TSLA breakdown | Donchian: rompe minimo del dia px 400.55
2026-07-08 23:01:24 | TSLA breakdown | Donchian: rompe minimo del dia px 396.27
2026-07-08 23:01:24 | TSLA tendencia | Supertrend: tendencia ALCISTA px 399.34
2026-07-08 23:01:24 | TSLA caida | CUSUM: cayendo fuerte -2.16% px 395.00
2026-07-08 23:01:25 | TSLA tendencia | Supertrend: tendencia BAJISTA px 395.00
2026-07-08 23:01:25 | TSLA breakdown | Donchian: rompe minimo del dia px 395.00
2026-07-08 23:01:25 | TSLA breakdown | Donchian: rompe minimo del dia px 392.63
2026-07-08 23:01:25 | TSLA caida | CUSUM: cayendo fuerte -2.00% px 390.79
2026-07-08 23:01:25 | TSLA breakdown | Donchian: rompe minimo del dia px 390.79
2026-07-08 23:01:25 | TSLA tendencia | Supertrend: tendencia ALCISTA px 395.63
2026-07-08 23:01:25 | TSLA alza | CUSUM: subiendo fuerte +4.21% px 407.47
2026-07-08 23:01:25 | TSLA caida | CUSUM: cayendo fuerte -3.44% px 393.70
